Archive member included to satisfy reference by file (symbol)

c:/mcuxpressoide_11.0.1_2563/ide/plugins/com.nxp.mcuxpresso.tools.win32_11.0.1.201907311258/tools/bin/../lib/gcc/arm-none-eabi/8.2.1/../../../../arm-none-eabi/lib/thumb/v6-m/nofp\libcr_nohost_nf.a(_cr__main.o)
                              ./startup/startup_mkl25z4.o (__main)
c:/mcuxpressoide_11.0.1_2563/ide/plugins/com.nxp.mcuxpresso.tools.win32_11.0.1.201907311258/tools/bin/../lib/gcc/arm-none-eabi/8.2.1/../../../../arm-none-eabi/lib/thumb/v6-m/nofp\libcr_nohost_nf.a(_cr_assert.o)
                              ./drivers/fsl_clock.o (__assertion_failed)
c:/mcuxpressoide_11.0.1_2563/ide/plugins/com.nxp.mcuxpresso.tools.win32_11.0.1.201907311258/tools/bin/../lib/gcc/arm-none-eabi/8.2.1/../../../../arm-none-eabi/lib/thumb/v6-m/nofp\libcr_nohost_nf.a(__ciob.o)
                              c:/mcuxpressoide_11.0.1_2563/ide/plugins/com.nxp.mcuxpresso.tools.win32_11.0.1.201907311258/tools/bin/../lib/gcc/arm-none-eabi/8.2.1/../../../../arm-none-eabi/lib/thumb/v6-m/nofp\libcr_nohost_nf.a(_cr_assert.o) (__Ciob)
c:/mcuxpressoide_11.0.1_2563/ide/plugins/com.nxp.mcuxpresso.tools.win32_11.0.1.201907311258/tools/bin/../lib/gcc/arm-none-eabi/8.2.1/../../../../arm-none-eabi/lib/thumb/v6-m/nofp\libcr_nohost_nf.a(__sys_appexit.o)
                              c:/mcuxpressoide_11.0.1_2563/ide/plugins/com.nxp.mcuxpresso.tools.win32_11.0.1.201907311258/tools/bin/../lib/gcc/arm-none-eabi/8.2.1/../../../../arm-none-eabi/lib/thumb/v6-m/nofp\libcr_nohost_nf.a(_cr_assert.o) (__sys_appexit)
c:/mcuxpressoide_11.0.1_2563/ide/plugins/com.nxp.mcuxpresso.tools.win32_11.0.1.201907311258/tools/bin/../lib/gcc/arm-none-eabi/8.2.1/../../../../arm-none-eabi/lib/thumb/v6-m/nofp\libcr_c.a(memcpy.o)
                              ./drivers/fsl_flash.o (memcpy)
c:/mcuxpressoide_11.0.1_2563/ide/plugins/com.nxp.mcuxpresso.tools.win32_11.0.1.201907311258/tools/bin/../lib/gcc/arm-none-eabi/8.2.1/../../../../arm-none-eabi/lib/thumb/v6-m/nofp\libcr_c.a(memset.o)
                              ./drivers/fsl_flash.o (memset)
c:/mcuxpressoide_11.0.1_2563/ide/plugins/com.nxp.mcuxpresso.tools.win32_11.0.1.201907311258/tools/bin/../lib/gcc/arm-none-eabi/8.2.1/../../../../arm-none-eabi/lib/thumb/v6-m/nofp\libcr_c.a(_deferredlazyseek.o)
                              c:/mcuxpressoide_11.0.1_2563/ide/plugins/com.nxp.mcuxpresso.tools.win32_11.0.1.201907311258/tools/bin/../lib/gcc/arm-none-eabi/8.2.1/../../../../arm-none-eabi/lib/thumb/v6-m/nofp\libcr_nohost_nf.a(_cr_assert.o) (__flsbuf)
c:/mcuxpressoide_11.0.1_2563/ide/plugins/com.nxp.mcuxpresso.tools.win32_11.0.1.201907311258/tools/bin/../lib/gcc/arm-none-eabi/8.2.1/../../../../arm-none-eabi/lib/thumb/v6-m/nofp\libcr_c.a(_fflush.o)
                              c:/mcuxpressoide_11.0.1_2563/ide/plugins/com.nxp.mcuxpresso.tools.win32_11.0.1.201907311258/tools/bin/../lib/gcc/arm-none-eabi/8.2.1/../../../../arm-none-eabi/lib/thumb/v6-m/nofp\libcr_c.a(_deferredlazyseek.o) (_fflush)
c:/mcuxpressoide_11.0.1_2563/ide/plugins/com.nxp.mcuxpresso.tools.win32_11.0.1.201907311258/tools/bin/../lib/gcc/arm-none-eabi/8.2.1/../../../../arm-none-eabi/lib/thumb/v6-m/nofp\libcr_c.a(_writebuf.o)
                              c:/mcuxpressoide_11.0.1_2563/ide/plugins/com.nxp.mcuxpresso.tools.win32_11.0.1.201907311258/tools/bin/../lib/gcc/arm-none-eabi/8.2.1/../../../../arm-none-eabi/lib/thumb/v6-m/nofp\libcr_c.a(_deferredlazyseek.o) (_Cwritebuf)
c:/mcuxpressoide_11.0.1_2563/ide/plugins/com.nxp.mcuxpresso.tools.win32_11.0.1.201907311258/tools/bin/../lib/gcc/arm-none-eabi/8.2.1/../../../../arm-none-eabi/lib/thumb/v6-m/nofp\libcr_c.a(alloc.o)
                              ./source/Project_5.o (malloc)
c:/mcuxpressoide_11.0.1_2563/ide/plugins/com.nxp.mcuxpresso.tools.win32_11.0.1.201907311258/tools/bin/../lib/gcc/arm-none-eabi/8.2.1/../../../../arm-none-eabi/lib/thumb/v6-m/nofp\libcr_c.a(fputs.o)
                              c:/mcuxpressoide_11.0.1_2563/ide/plugins/com.nxp.mcuxpresso.tools.win32_11.0.1.201907311258/tools/bin/../lib/gcc/arm-none-eabi/8.2.1/../../../../arm-none-eabi/lib/thumb/v6-m/nofp\libcr_nohost_nf.a(_cr_assert.o) (fputs)
c:/mcuxpressoide_11.0.1_2563/ide/plugins/com.nxp.mcuxpresso.tools.win32_11.0.1.201907311258/tools/bin/../lib/gcc/arm-none-eabi/8.2.1/../../../../arm-none-eabi/lib/thumb/v6-m/nofp\libcr_c.a(fseek.o)
                              c:/mcuxpressoide_11.0.1_2563/ide/plugins/com.nxp.mcuxpresso.tools.win32_11.0.1.201907311258/tools/bin/../lib/gcc/arm-none-eabi/8.2.1/../../../../arm-none-eabi/lib/thumb/v6-m/nofp\libcr_c.a(_deferredlazyseek.o) (fseek)
c:/mcuxpressoide_11.0.1_2563/ide/plugins/com.nxp.mcuxpresso.tools.win32_11.0.1.201907311258/tools/bin/../lib/gcc/arm-none-eabi/8.2.1/../../../../arm-none-eabi/lib/thumb/v6-m/nofp\libcr_c.a(ftell.o)
[...]
Memory Configuration

Name             Origin             Length             Attributes
PROGRAM_FLASH    0x00000000         0x00020000         xr
SRAM             0x1ffff000         0x00004000         xrw
*default*        0x00000000         0xffffffff

Linker script and memory map

LOAD ./utilities/fsl_debug_console.o
LOAD ./startup/startup_mkl25z4.o
LOAD ./source/Project_5.o
LOAD ./source/application.o
LOAD ./source/cir_buffer.o
LOAD ./source/led.o
LOAD ./source/logger.o
LOAD ./source/mtb.o
LOAD ./source/semihost_hardfault.o
LOAD ./source/system.o
LOAD ./source/uartinterrupt.o
LOAD ./source/uartpoll.o
LOAD ./source/unittest.o
LOAD ./drivers/fsl_clock.o
LOAD ./drivers/fsl_common.o
LOAD ./drivers/fsl_flash.o
LOAD ./drivers/fsl_gpio.o
LOAD ./drivers/fsl_lpsci.o
LOAD ./drivers/fsl_smc.o
LOAD ./drivers/fsl_uart.o
LOAD ./board/board.o
LOAD ./board/clock_config.o
LOAD ./board/peripherals.o
LOAD ./board/pin_mux.o
LOAD ./CMSIS/system_MKL25Z4.o
START GROUP
LOAD c:/mcuxpressoide_11.0.1_2563/ide/plugins/com.nxp.mcuxpresso.tools.win32_11.0.1.201907311258/tools/bin/../lib/gcc/arm-none-eabi/8.2.1/../../../../arm-none-eabi/lib/thumb/v6-m/nofp\libcr_nohost_nf.a
LOAD c:/mcuxpressoide_11.0.1_2563/ide/plugins/com.nxp.mcuxpresso.tools.win32_11.0.1.201907311258/tools/bin/../lib/gcc/arm-none-eabi/8.2.1/../../../../arm-none-eabi/lib/thumb/v6-m/nofp\libcr_c.a
LOAD c:/mcuxpressoide_11.0.1_2563/ide/plugins/com.nxp.mcuxpresso.tools.win32_11.0.1.201907311258/tools/bin/../lib/gcc/arm-none-eabi/8.2.1/thumb/v6-m/nofp\libcr_eabihelpers.a
LOAD c:/mcuxpressoide_11.0.1_2563/ide/plugins/com.nxp.mcuxpresso.tools.win32_11.0.1.201907311258/tools/bin/../lib/gcc/arm-none-eabi/8.2.1/thumb/v6-m/nofp\libgcc.a
END GROUP
                0x00000000                __base_PROGRAM_FLASH = 0x0
                0x00000000                __base_Flash = 0x0
                0x00020000                __top_PROGRAM_FLASH = 0x20000
                0x00020000                __top_Flash = 0x20000
                0x1ffff000                __base_SRAM = 0x1ffff000
                0x1ffff000                __base_RAM = 0x1ffff000
                0x20003000                __top_SRAM = 0x20003000
                0x20003000                __top_RAM = 0x20003000

.text           0x00000000     0x48ac
 FILL mask 0xff
                0x00000000                __vectors_start__ = ABSOLUTE (.)
 *(SORT_BY_ALIGNMENT(.isr_vector))
 .isr_vector    0x00000000       0xc0 ./startup/startup_mkl25z4.o
                0x00000000                g_pfnVectors
                0x00000000                __Vectors
                0x000000c0                . = ALIGN (0x4)
                0x000000c0                __section_table_start = .
                0x000000c0                __data_section_table = .
                0x000000c0        0x4 LONG 0x48ac LOADADDR (.data)
                0x000000c4        0x4 LONG 0x1ffff080 ADDR (.data)
                0x000000c8        0x4 LONG 0x648 SIZEOF (.data)
                0x000000cc                __data_section_table_end = .
                0x000000cc                __bss_section_table = .
                0x000000cc        0x4 LONG 0x1ffff6c8 ADDR (.bss)
                0x000000d0        0x4 LONG 0xfc SIZEOF (.bss)
                0x000000d4                __bss_section_table_end = .
                0x000000d4                __section_table_end = .
 *(SORT_BY_ALIGNMENT(.after_vectors*))
 .after_vectors.reset
                0x000000d4       0x4c ./startup/startup_mkl25z4.o
                0x000000d4                ResetISR
 .after_vectors.init_data
                0x00000120       0x12 ./startup/startup_mkl25z4.o
                0x00000120                data_init
 .after_vectors.init_bss
                0x00000132       0x10 ./startup/startup_mkl25z4.o
                0x00000132                bss_init
 .after_vectors
                0x00000142      0x10c ./startup/startup_mkl25z4.o
                0x00000142                NMI_Handler
                0x00000146                SVC_Handler
                0x00000148                PendSV_Handler
                0x0000014c                SPI1_DriverIRQHandler
                0x0000014c                LPTMR0_DriverIRQHandler
                0x0000014c                DMA0_DriverIRQHandler
                0x0000014c                I2C0_DriverIRQHandler
                0x0000014c                Reserved39_DriverIRQHandler
                0x0000014c                PORTD_DriverIRQHandler
                0x0000014c                DMA2_DriverIRQHandler
                0x0000014c                CMP0_DriverIRQHandler
                0x0000014c                TPM2_DriverIRQHandler
                0x0000014c                ADC0_DriverIRQHandler
                0x0000014c                SPI0_DriverIRQHandler
                0x0000014c                TSI0_DriverIRQHandler
                0x0000014c                RTC_Seconds_DriverIRQHandler
                0x0000014c                I2C1_DriverIRQHandler
                0x0000014c                LLWU_DriverIRQHandler
                0x0000014c                MCG_DriverIRQHandler
                0x0000014c                DMA1_DriverIRQHandler
                0x0000014c                PIT_DriverIRQHandler
                0x0000014c                RTC_DriverIRQHandler
                0x0000014c                FTFA_DriverIRQHandler
                0x0000014c                IntDefaultHandler
                0x0000014c                USB0_DriverIRQHandler
                0x0000014c                DAC0_DriverIRQHandler
                0x0000014c                TPM1_DriverIRQHandler
                0x0000014c                LVD_LVW_DriverIRQHandler
                0x0000014c                TPM0_DriverIRQHandler
                0x0000014c                PORTA_DriverIRQHandler
                0x0000014c                Reserved45_DriverIRQHandler
                0x0000014c                Reserved20_DriverIRQHandler
                0x0000014c                DMA3_DriverIRQHandler
                0x0000014e                DMA0_IRQHandler
                0x00000156                DMA1_IRQHandler
                0x0000015e                DMA2_IRQHandler
                0x00000166                DMA3_IRQHandler
                0x0000016e                Reserved20_IRQHandler
                0x00000176                FTFA_IRQHandler
                0x0000017e                LVD_LVW_IRQHandler
                0x00000186                LLWU_IRQHandler
                0x0000018e                I2C0_IRQHandler
                0x00000196                I2C1_IRQHandler
                0x0000019e                SPI0_IRQHandler
                0x000001a6                SPI1_IRQHandler
                0x000001b6                UART1_IRQHandler
                0x000001be                UART2_IRQHandler
                0x000001c6                ADC0_IRQHandler
                0x000001ce                CMP0_IRQHandler
                0x000001d6                TPM0_IRQHandler
                0x000001de                TPM1_IRQHandler
                0x000001e6                TPM2_IRQHandler
                0x000001ee                RTC_IRQHandler
                0x000001f6                RTC_Seconds_IRQHandler
                0x000001fe                PIT_IRQHandler
                0x00000206                Reserved39_IRQHandler
                0x0000020e                USB0_IRQHandler
                0x00000216                DAC0_IRQHandler
                0x0000021e                TSI0_IRQHandler
                0x00000226                MCG_IRQHandler
                0x0000022e                LPTMR0_IRQHandler
                0x00000236                Reserved45_IRQHandler
                0x0000023e                PORTA_IRQHandler
                0x00000246                PORTD_IRQHandler
                0x00000400                . = 0x400
 *fill*         0x0000024e      0x1b2 ff
                0x00000400                PROVIDE (__FLASH_CONFIG_START__ = .)
 *(SORT_BY_ALIGNMENT(.FlashConfig))
 .FlashConfig   0x00000400       0x10 ./startup/startup_mkl25z4.o
                0x00000400                Flash_Config
                0x00000410                PROVIDE (__FLASH_CONFIG_END__ = .)
                0x00000001                ASSERT (! ((__FLASH_CONFIG_START__ == __FLASH_CONFIG_END__)), Linker Flash Config Support Enabled, but no .FlashConfig section provided within application)
 *(SORT_BY_ALIGNMENT(.text*))
 .text.DbgConsole_Init
                0x00000410       0xf0 ./utilities/fsl_debug_console.o
                0x00000410                DbgConsole_Init
 .text.__sys_write
                0x00000500       0x58 ./utilities/fsl_debug_console.o
                0x00000500                __sys_write
 .text.main     0x00000558       0x80 ./source/Project_5.o
                0x00000558                main
 .text.buff_add_item
                0x000005d8      0x138 ./source/cir_buffer.o
                0x000005d8                buff_add_item
 .text.init_LED
                0x00000710       0x60 ./source/led.o
                0x00000710                init_LED
 .text.wait_receive_led
                0x00000770       0x40 ./source/led.o
                0x00000770                wait_receive_led
 .text.error_led
                0x000007b0       0x40 ./source/led.o
                0x000007b0                error_led
 .text.wait_transmit_led
                0x000007f0       0x40 ./source/led.o
                0x000007f0                wait_transmit_led
 .text.delay    0x00000830       0x2c ./source/led.o
                0x00000830                delay
 .text.NVIC_SetPriority
                0x0000085c       0xdc ./source/logger.o
 .text.Init_Systick
                0x00000938       0x30 ./source/logger.o
                0x00000938                Init_Systick
 .text.SysTick_Handler
                0x00000968       0x1c ./source/logger.o
                0x00000968                SysTick_Handler
 .text.timestamps
                0x00000984       0xd0 ./source/logger.o
                0x00000984                timestamps
 .text.log_level
                0x00000a54       0x38 ./source/logger.o
                0x00000a54                log_level
 .text.logger_func
                0x00000a8c      0x160 ./source/logger.o
                0x00000a8c                logger_func
 .text.log_messages
                0x00000bec       0x3c ./source/logger.o
                0x00000bec                log_messages
 .text.HardFault_Handler
                0x00000c28       0x30 ./source/semihost_hardfault.o
                0x00000c28                HardFault_Handler
 .text.UART0_int_check
                0x00000c58       0x2c ./source/uartinterrupt.o
                0x00000c58                UART0_int_check
 .text.UART0_int_tx
                0x00000c84       0x20 ./source/uartinterrupt.o
                0x00000c84                UART0_int_tx
 .text.UART0_int_rec_check
                0x00000ca4       0x20 ./source/uartinterrupt.o
                0x00000ca4                UART0_int_rec_check
 .text.UART0_int_rx
                0x00000cc4       0x14 ./source/uartinterrupt.o
                0x00000cc4                UART0_int_rx
 .text.UART0_IRQHandler
                0x00000cd8       0x98 ./source/uartinterrupt.o
                0x00000cd8                UART0_IRQHandler
 .text.NVIC_EnableIRQ
                0x00000d70       0x2c ./source/uartpoll.o
 .text.NVIC_SetPriority
                0x00000d9c       0xdc ./source/uartpoll.o
 .text.Init_UART0
                0x00000e78       0xfc ./source/uartpoll.o
                0x00000e78                Init_UART0
 .text.UART0_check
                0x00000f74       0x2c ./source/uartpoll.o
                0x00000f74                UART0_check
 .text.UART0_poll_tx
                0x00000fa0       0x20 ./source/uartpoll.o
                0x00000fa0                UART0_poll_tx
 .text.CLOCK_SetEr32kClock
                0x00000fc0       0x34 ./drivers/fsl_clock.o
 .text.CLOCK_SetPllFllSelClock
                0x00000ff4       0x38 ./drivers/fsl_clock.o
 .text.CLOCK_GetMcgExtClkFreq
                0x0000102c       0x28 ./drivers/fsl_clock.o
 .text.CLOCK_GetFllExtRefClkFreq
                0x00001054       0xa4 ./drivers/fsl_clock.o
 .text.CLOCK_GetFllRefClkFreq
                0x000010f8       0x2c ./drivers/fsl_clock.o
 .text.CLOCK_GetOscRangeFromFreq
                0x00001124       0x4c ./drivers/fsl_clock.o
 .text.CLOCK_GetPllFllSelClkFreq
                0x00001170       0x4c ./drivers/fsl_clock.o
                0x00001170                CLOCK_GetPllFllSelClkFreq
 .text.CLOCK_SetSimConfig
                0x000011bc       0x38 ./drivers/fsl_clock.o
                0x000011bc                CLOCK_SetSimConfig
 .text.CLOCK_GetFllFreq
                0x000011f4       0x84 ./drivers/fsl_clock.o
                0x000011f4                CLOCK_GetFllFreq
 .text.CLOCK_GetPll0Freq
                0x00001278       0x70 ./drivers/fsl_clock.o
                0x00001278                CLOCK_GetPll0Freq
 .text.CLOCK_SetInternalRefClkConfig
                0x000012e8      0x124 ./drivers/fsl_clock.o
                0x000012e8                CLOCK_SetInternalRefClkConfig
 .text.CLOCK_EnablePll0
                0x0000140c       0x90 ./drivers/fsl_clock.o
                0x0000140c                CLOCK_EnablePll0
 .text.CLOCK_InitOsc0
                0x0000149c       0x94 ./drivers/fsl_clock.o
                0x0000149c                CLOCK_InitOsc0
 .text.CLOCK_SetPbeMode
                0x00001530       0xb0 ./drivers/fsl_clock.o
                0x00001530                CLOCK_SetPbeMode
 .text.CLOCK_BootToPeeMode
                0x000015e0       0x70 ./drivers/fsl_clock.o
                0x000015e0                CLOCK_BootToPeeMode
 .text.CLOCK_EnableClock
                0x00001650       0x34 ./drivers/fsl_lpsci.o
 .text.LPSCI_GetInstance
                0x00001684       0x48 ./drivers/fsl_lpsci.o
                0x00001684                LPSCI_GetInstance
 .text.LPSCI_Init
                0x000016cc      0x258 ./drivers/fsl_lpsci.o
                0x000016cc                LPSCI_Init
 .text.LPSCI_GetDefaultConfig
                0x00001924       0x44 ./drivers/fsl_lpsci.o
                0x00001924                LPSCI_GetDefaultConfig
 .text.LPSCI_ClearStatusFlags
                0x00001968       0x94 ./drivers/fsl_lpsci.o
                0x00001968                LPSCI_ClearStatusFlags
 .text.LPSCI_WriteBlocking
                0x000019fc       0x4c ./drivers/fsl_lpsci.o
                0x000019fc                LPSCI_WriteBlocking
 .text.LPSCI_ReadBlocking
                0x00001a48       0xc0 ./drivers/fsl_lpsci.o
                0x00001a48                LPSCI_ReadBlocking
 .text.UART0_DriverIRQHandler
                0x00001b08       0x24 ./drivers/fsl_lpsci.o
                0x00001b08                UART0_DriverIRQHandler
 .text.CLOCK_EnableClock
                0x00001b2c       0x34 ./drivers/fsl_uart.o
 .text.UART_GetInstance
                0x00001b60       0x54 ./drivers/fsl_uart.o
                0x00001b60                UART_GetInstance
 .text.UART_Init
                0x00001bb4      0x1e0 ./drivers/fsl_uart.o
                0x00001bb4                UART_Init
 .text.UART_GetDefaultConfig
                0x00001d94       0x44 ./drivers/fsl_uart.o
                0x00001d94                UART_GetDefaultConfig
 .text.UART_ReadBlocking
                0x00001dd8       0x98 ./drivers/fsl_uart.o
                0x00001dd8                UART_ReadBlocking
 .text.UART1_DriverIRQHandler
                0x00001e70       0x24 ./drivers/fsl_uart.o
                0x00001e70                UART1_DriverIRQHandler
 .text.UART2_DriverIRQHandler
                0x00001e94       0x24 ./drivers/fsl_uart.o
                0x00001e94                UART2_DriverIRQHandler
 .text.CLOCK_SetLpsci0Clock
                0x00001eb8       0x38 ./board/board.o
 .text.BOARD_InitDebugConsole
                0x00001ef0       0x30 ./board/board.o
                0x00001ef0                BOARD_InitDebugConsole
 .text.CLOCK_SetSimSafeDivs
                0x00001f20       0x20 ./board/clock_config.o
 .text.CLOCK_SetXtal0Freq
                0x00001f40       0x1c ./board/clock_config.o
 .text.CLOCK_CONFIG_SetFllExtRefDiv
                0x00001f5c       0x3c ./board/clock_config.o
 .text.BOARD_BootClockRUN
                0x00001f98       0x64 ./board/clock_config.o
                0x00001f98                BOARD_BootClockRUN
 .text.CLOCK_EnableClock
                0x00001ffc       0x34 ./board/pin_mux.o
 .text.PORT_SetPinMux
                0x00002030       0x40 ./board/pin_mux.o
 .text.BOARD_InitPins
                0x00002070       0x90 ./board/pin_mux.o
                0x00002070                BOARD_InitPins
 .text.SystemInit
                0x00002100       0x18 ./CMSIS/system_MKL25Z4.o
                0x00002100                SystemInit
 .text.__assertion_failed
                0x00002118       0x4c c:/mcuxpressoide_11.0.1_2563/ide/plugins/com.nxp.mcuxpresso.tools.win32_11.0.1.201907311258/tools/bin/../lib/gcc/arm-none-eabi/8.2.1/../../../../arm-none-eabi/lib/thumb/v6-m/nofp\libcr_nohost_nf.a(_cr_assert.o)
                0x00002118                __assertion_failed
 .text._deferredlazyseek
                0x00002164       0x40 c:/mcuxpressoide_11.0.1_2563/ide/plugins/com.nxp.mcuxpresso.tools.win32_11.0.1.201907311258/tools/bin/../lib/gcc/arm-none-eabi/8.2.1/../../../../arm-none-eabi/lib/thumb/v6-m/nofp\libcr_c.a(_deferredlazyseek.o)
                0x00002164                _deferredlazyseek
 .text.__flsbuf
                0x000021a4      0x14c c:/mcuxpressoide_11.0.1_2563/ide/plugins/com.nxp.mcuxpresso.tools.win32_11.0.1.201907311258/tools/bin/../lib/gcc/arm-none-eabi/8.2.1/../../../../arm-none-eabi/lib/thumb/v6-m/nofp\libcr_c.a(_deferredlazyseek.o)
                0x000021a4                __flsbuf
 .text._fflush  0x000022f0       0x5c c:/mcuxpressoide_11.0.1_2563/ide/plugins/com.nxp.mcuxpresso.tools.win32_11.0.1.201907311258/tools/bin/../lib/gcc/arm-none-eabi/8.2.1/../../../../arm-none-eabi/lib/thumb/v6-m/nofp\libcr_c.a(_fflush.o)
                0x000022f0                _fflush
 .text._Cwritebuf
                0x0000234c       0x68 c:/mcuxpressoide_11.0.1_2563/ide/plugins/com.nxp.mcuxpresso.tools.win32_11.0.1.201907311258/tools/bin/../lib/gcc/arm-none-eabi/8.2.1/../../../../arm-none-eabi/lib/thumb/v6-m/nofp\libcr_c.a(_writebuf.o)
                0x0000234c                _Cwritebuf
 .text.malloc   0x000023b4       0xcc c:/mcuxpressoide_11.0.1_2563/ide/plugins/com.nxp.mcuxpresso.tools.win32_11.0.1.201907311258/tools/bin/../lib/gcc/arm-none-eabi/8.2.1/../../../../arm-none-eabi/lib/thumb/v6-m/nofp\libcr_c.a(alloc.o)
                0x000023b4                malloc
 .text._Csys_alloc
                0x00002480       0x20 c:/mcuxpressoide_11.0.1_2563/ide/plugins/com.nxp.mcuxpresso.tools.win32_11.0.1.201907311258/tools/bin/../lib/gcc/arm-none-eabi/8.2.1/../../../../arm-none-eabi/lib/thumb/v6-m/nofp\libcr_c.a(alloc.o)
                0x00002480                _Csys_alloc
 .text.fseek    0x000024a0       0xf0 c:/mcuxpressoide_11.0.1_2563/ide/plugins/com.nxp.mcuxpresso.tools.win32_11.0.1.201907311258/tools/bin/../lib/gcc/arm-none-eabi/8.2.1/../../../../arm-none-eabi/lib/thumb/v6-m/nofp\libcr_c.a(fseek.o)
                0x000024a0                fseek
 .text.ftell    0x00002590       0x48 c:/mcuxpressoide_11.0.1_2563/ide/plugins/com.nxp.mcuxpresso.tools.win32_11.0.1.201907311258/tools/bin/../lib/gcc/arm-none-eabi/8.2.1/../../../../arm-none-eabi/lib/thumb/v6-m/nofp\libcr_c.a(ftell.o)
                0x00002590                ftell
 .text._initio  0x000025d8       0x7c c:/mcuxpressoide_11.0.1_2563/ide/plugins/com.nxp.mcuxpresso.tools.win32_11.0.1.201907311258/tools/bin/../lib/gcc/arm-none-eabi/8.2.1/../../../../arm-none-eabi/lib/thumb/v6-m/nofp\libcr_c.a(initio.o)
                0x000025d8                _initio
 .text.__vfprintf
                0x00002654      0xcd8 c:/mcuxpressoide_11.0.1_2563/ide/plugins/com.nxp.mcuxpresso.tools.win32_11.0.1.201907311258/tools/bin/../lib/gcc/arm-none-eabi/8.2.1/../../../../arm-none-eabi/lib/thumb/v6-m/nofp\libcr_c.a(printf.o)
                0x00002654                __vfprintf
 .text._vsnprintf
                0x0000332c       0x70 c:/mcuxpressoide_11.0.1_2563/ide/plugins/com.nxp.mcuxpresso.tools.win32_11.0.1.201907311258/tools/bin/../lib/gcc/arm-none-eabi/8.2.1/../../../../arm-none-eabi/lib/thumb/v6-m/nofp\libcr_c.a(printf.o)
                0x0000332c                _vsnprintf
 .text._printf  0x0000339c       0x50 c:/mcuxpressoide_11.0.1_2563/ide/plugins/com.nxp.mcuxpresso.tools.win32_11.0.1.201907311258/tools/bin/../lib/gcc/arm-none-eabi/8.2.1/../../../../arm-none-eabi/lib/thumb/v6-m/nofp\libcr_c.a(printf.o)
                0x0000339c                _printf
 .text.setvbuf  0x000033ec       0x4c c:/mcuxpressoide_11.0.1_2563/ide/plugins/com.nxp.mcuxpresso.tools.win32_11.0.1.201907311258/tools/bin/../lib/gcc/arm-none-eabi/8.2.1/../../../../arm-none-eabi/lib/thumb/v6-m/nofp\libcr_c.a(setvbuf.o)
                0x000033ec                setvbuf
 .text.strlen   0x00003438       0x58 c:/mcuxpressoide_11.0.1_2563/ide/plugins/com.nxp.mcuxpresso.tools.win32_11.0.1.201907311258/tools/bin/../lib/gcc/arm-none-eabi/8.2.1/../../../../arm-none-eabi/lib/thumb/v6-m/nofp\libcr_c.a(strlen.o)
                0x00003438                strlen
 .text._sbrk    0x00003490       0x40 c:/mcuxpressoide_11.0.1_2563/ide/plugins/com.nxp.mcuxpresso.tools.win32_11.0.1.201907311258/tools/bin/../lib/gcc/arm-none-eabi/8.2.1/../../../../arm-none-eabi/lib/thumb/v6-m/nofp\libcr_c.a(_cr_sbrk.o)
                0x00003490                _sbrk
 .text._fdopen  0x000034d0       0x74 c:/mcuxpressoide_11.0.1_2563/ide/plugins/com.nxp.mcuxpresso.tools.win32_11.0.1.201907311258/tools/bin/../lib/gcc/arm-none-eabi/8.2.1/../../../../arm-none-eabi/lib/thumb/v6-m/nofp\libcr_c.a(_fdopen.o)
                0x000034d0                _fdopen
 .text.fclose   0x00003544       0x5c c:/mcuxpressoide_11.0.1_2563/ide/plugins/com.nxp.mcuxpresso.tools.win32_11.0.1.201907311258/tools/bin/../lib/gcc/arm-none-eabi/8.2.1/../../../../arm-none-eabi/lib/thumb/v6-m/nofp\libcr_c.a(fclose.o)
                0x00003544                fclose
 .text.fflush   0x000035a0       0x44 c:/mcuxpressoide_11.0.1_2563/ide/plugins/com.nxp.mcuxpresso.tools.win32_11.0.1.201907311258/tools/bin/../lib/gcc/arm-none-eabi/8.2.1/../../../../arm-none-eabi/lib/thumb/v6-m/nofp\libcr_c.a(fflush.o)
                0x000035a0                fflush
 .text.__check_heap_overflow
                0x000035e4       0x14 c:/mcuxpressoide_11.0.1_2563/ide/plugins/com.nxp.mcuxpresso.tools.win32_11.0.1.201907311258/tools/bin/../lib/gcc/arm-none-eabi/8.2.1/../../../../arm-none-eabi/lib/thumb/v6-m/nofp\libcr_c.a(_cr_check_heap.o)
                0x000035e4                __check_heap_overflow
 .text._do_fflush
                0x000035f8       0x44 c:/mcuxpressoide_11.0.1_2563/ide/plugins/com.nxp.mcuxpresso.tools.win32_11.0.1.201907311258/tools/bin/../lib/gcc/arm-none-eabi/8.2.1/../../../../arm-none-eabi/lib/thumb/v6-m/nofp\libcr_c.a(_do_fflush.o)
                0x000035f8                _do_fflush
 .text.UART_EnableTx
                0x0000363c       0x40 ./utilities/fsl_debug_console.o
 .text.UART_EnableRx
                0x0000367c       0x40 ./utilities/fsl_debug_console.o
 .text.LPSCI_EnableTx
                0x000036bc       0x40 ./utilities/fsl_debug_console.o
 .text.LPSCI_EnableRx
                0x000036fc       0x40 ./utilities/fsl_debug_console.o
 .text.buff_initialize
                0x0000373c       0x68 ./source/cir_buffer.o
                0x0000373c                buff_initialize
 .text.buff_check_full
                0x000037a4       0x46 ./source/cir_buffer.o
                0x000037a4                buff_check_full
 .text.buff_ptr_valid
                0x000037ea       0x24 ./source/cir_buffer.o
                0x000037ea                buff_ptr_valid
 .text.GPIO_WritePinOutput
                0x0000380e       0x34 ./source/led.o
 .text.GPIO_SetPinsOutput
                0x00003842       0x18 ./source/led.o
 .text.GPIO_ClearPinsOutput
                0x0000385a       0x18 ./source/led.o
 .text.UART0_int_putchar
                0x00003872       0x26 ./source/uartinterrupt.o
                0x00003872                UART0_int_putchar
 .text.UART0_int_getchar
                0x00003898       0x24 ./source/uartinterrupt.o
                0x00003898                UART0_int_getchar
 .text.putstr   0x000038bc       0x36 ./source/uartinterrupt.o
                0x000038bc                putstr
 .text.UART0_poll_putchar
                0x000038f2       0x2e ./source/uartpoll.o
                0x000038f2                UART0_poll_putchar
 .text.OSC_SetExtRefClkConfig
                0x00003920       0x3e ./drivers/fsl_clock.o
 .text.OSC_SetCapLoad
                0x0000395e       0x42 ./drivers/fsl_clock.o
 .text.CLOCK_GetPll0RefFreq
                0x000039a0       0x10 ./drivers/fsl_clock.o
 .text.CLOCK_SetExternalRefClkConfig
                0x000039b0       0x16 ./drivers/fsl_clock.o
                0x000039b0                CLOCK_SetExternalRefClkConfig
 .text.LPSCI_GetStatusFlags
                0x000039c6       0x26 ./drivers/fsl_lpsci.o
                0x000039c6                LPSCI_GetStatusFlags
 .text.UART_GetStatusFlags
                0x000039ec       0x26 ./drivers/fsl_uart.o
                0x000039ec                UART_GetStatusFlags
 .text.UART_WriteBlocking
                0x00003a12       0x3a ./drivers/fsl_uart.o
                0x00003a12                UART_WriteBlocking
 .text.BOARD_InitBootClocks
                0x00003a4c        0xe ./board/clock_config.o
                0x00003a4c                BOARD_InitBootClocks
 .text.BOARD_InitBootPeripherals
                0x00003a5a        0xa ./board/peripherals.o
                0x00003a5a                BOARD_InitBootPeripherals
 .text.BOARD_InitBootPins
                0x00003a64        0xe ./board/pin_mux.o
                0x00003a64                BOARD_InitBootPins
 .text.__main   0x00003a72        0xc c:/mcuxpressoide_11.0.1_2563/ide/plugins/com.nxp.mcuxpresso.tools.win32_11.0.1.201907311258/tools/bin/../lib/gcc/arm-none-eabi/8.2.1/../../../../arm-none-eabi/lib/thumb/v6-m/nofp\libcr_nohost_nf.a(_cr__main.o)
                0x00003a72                __main
 .text.__sys_appexit
                0x00003a7e        0x2 c:/mcuxpressoide_11.0.1_2563/ide/plugins/com.nxp.mcuxpresso.tools.win32_11.0.1.201907311258/tools/bin/../lib/gcc/arm-none-eabi/8.2.1/../../../../arm-none-eabi/lib/thumb/v6-m/nofp\libcr_nohost_nf.a(__sys_appexit.o)
                0x00003a7e                __sys_appexit
                0x00003a7e                __exit
 .text.memset   0x00003a80        0x8 c:/mcuxpressoide_11.0.1_2563/ide/plugins/com.nxp.mcuxpresso.tools.win32_11.0.1.201907311258/tools/bin/../lib/gcc/arm-none-eabi/8.2.1/../../../../arm-none-eabi/lib/thumb/v6-m/nofp\libcr_c.a(memset.o)
                0x00003a80                memset
 .text.free     0x00003a88       0x2c c:/mcuxpressoide_11.0.1_2563/ide/plugins/com.nxp.mcuxpresso.tools.win32_11.0.1.201907311258/tools/bin/../lib/gcc/arm-none-eabi/8.2.1/../../../../arm-none-eabi/lib/thumb/v6-m/nofp\libcr_c.a(alloc.o)
                0x00003a88                free
 .text.fputs    0x00003ab4       0x2e c:/mcuxpressoide_11.0.1_2563/ide/plugins/com.nxp.mcuxpresso.tools.win32_11.0.1.201907311258/tools/bin/../lib/gcc/arm-none-eabi/8.2.1/../../../../arm-none-eabi/lib/thumb/v6-m/nofp\libcr_c.a(fputs.o)
                0x00003ab4                fputs
 .text.no_fp_display
                0x00003ae2        0x4 c:/mcuxpressoide_11.0.1_2563/ide/plugins/com.nxp.mcuxpresso.tools.win32_11.0.1.201907311258/tools/bin/../lib/gcc/arm-none-eabi/8.2.1/../../../../arm-none-eabi/lib/thumb/v6-m/nofp\libcr_c.a(printf.o)
 .text.remove   0x00003ae6       0x12 c:/mcuxpressoide_11.0.1_2563/ide/plugins/com.nxp.mcuxpresso.tools.win32_11.0.1.201907311258/tools/bin/../lib/gcc/arm-none-eabi/8.2.1/../../../../arm-none-eabi/lib/thumb/v6-m/nofp\libcr_c.a(remove.o)
                0x00003ae6                remove
 .text.__aeabi_division_idivmod
                0x00003af8       0x78 c:/mcuxpressoide_11.0.1_2563/ide/plugins/com.nxp.mcuxpresso.tools.win32_11.0.1.201907311258/tools/bin/../lib/gcc/arm-none-eabi/8.2.1/thumb/v6-m/nofp\libcr_eabihelpers.a(division_32.o)
                0x00003af8                __aeabi_idivmod
                0x00003af8                __aeabi_idiv
                0x00003afe                __aeabi_uidivmod
                0x00003afe                __aeabi_uidiv
 .text.__aeabi_division_idiv0
                0x00003b70        0x2 c:/mcuxpressoide_11.0.1_2563/ide/plugins/com.nxp.mcuxpresso.tools.win32_11.0.1.201907311258/tools/bin/../lib/gcc/arm-none-eabi/8.2.1/thumb/v6-m/nofp\libcr_eabihelpers.a(division_idiv0.o)
                0x00003b70                __aeabi_idiv0
 .text.__aeabi_llong_lmul
                0x00003b72       0x2e c:/mcuxpressoide_11.0.1_2563/ide/plugins/com.nxp.mcuxpresso.tools.win32_11.0.1.201907311258/tools/bin/../lib/gcc/arm-none-eabi/8.2.1/thumb/v6-m/nofp\libcr_eabihelpers.a(llong.o)
                0x00003b72                __aeabi_lmul
 .text.__aeabi_memset_lowlevel
                0x00003ba0       0x2a c:/mcuxpressoide_11.0.1_2563/ide/plugins/com.nxp.mcuxpresso.tools.win32_11.0.1.201907311258/tools/bin/../lib/gcc/arm-none-eabi/8.2.1/thumb/v6-m/nofp\libcr_eabihelpers.a(memcpy.o)
                0x00003ba0                __aeabi_lowlevel_memset
 .text.__sys_close
                0x00003bca        0x6 c:/mcuxpressoide_11.0.1_2563/ide/plugins/com.nxp.mcuxpresso.tools.win32_11.0.1.201907311258/tools/bin/../lib/gcc/arm-none-eabi/8.2.1/../../../../arm-none-eabi/lib/thumb/v6-m/nofp\libcr_nohost_nf.a(__sys_close.o)
                0x00003bca                __sys_close
 .text.__sys_flen
                0x00003bd0        0x6 c:/mcuxpressoide_11.0.1_2563/ide/plugins/com.nxp.mcuxpresso.tools.win32_11.0.1.201907311258/tools/bin/../lib/gcc/arm-none-eabi/8.2.1/../../../../arm-none-eabi/lib/thumb/v6-m/nofp\libcr_nohost_nf.a(__sys_flen.o)
                0x00003bd0                __sys_flen
 .text.__sys_istty
                0x00003bd6        0x6 c:/mcuxpressoide_11.0.1_2563/ide/plugins/com.nxp.mcuxpresso.tools.win32_11.0.1.201907311258/tools/bin/../lib/gcc/arm-none-eabi/8.2.1/../../../../arm-none-eabi/lib/thumb/v6-m/nofp\libcr_nohost_nf.a(__sys_istty.o)
                0x00003bd6                __sys_istty
 .text.__sys_remove
                0x00003bdc        0x6 c:/mcuxpressoide_11.0.1_2563/ide/plugins/com.nxp.mcuxpresso.tools.win32_11.0.1.201907311258/tools/bin/../lib/gcc/arm-none-eabi/8.2.1/../../../../arm-none-eabi/lib/thumb/v6-m/nofp\libcr_nohost_nf.a(__sys_remove.o)
                0x00003bdc                __sys_remove
 .text.__sys_seek
                0x00003be2        0x6 c:/mcuxpressoide_11.0.1_2563/ide/plugins/com.nxp.mcuxpresso.tools.win32_11.0.1.201907311258/tools/bin/../lib/gcc/arm-none-eabi/8.2.1/../../../../arm-none-eabi/lib/thumb/v6-m/nofp\libcr_nohost_nf.a(__sys_seek.o)
                0x00003be2                __sys_seek
 .text.__sys_tmpnam
                0x00003be8        0x6 c:/mcuxpressoide_11.0.1_2563/ide/plugins/com.nxp.mcuxpresso.tools.win32_11.0.1.201907311258/tools/bin/../lib/gcc/arm-none-eabi/8.2.1/../../../../arm-none-eabi/lib/thumb/v6-m/nofp\libcr_nohost_nf.a(__sys_tmpnam.o)
                0x00003be8                __sys_tmpnam
 *(SORT_BY_ALIGNMENT(.rodata) SORT_BY_ALIGNMENT(.rodata.*) SORT_BY_ALIGNMENT(.constdata) SORT_BY_ALIGNMENT(.constdata.*))
 *fill*         0x00003bee        0x2 ff
 .rodata        0x00003bf0       0x1d ./source/Project_5.o
 *fill*         0x00003c0d        0x3 ff
 .rodata        0x00003c10       0xe2 ./source/cir_buffer.o
 *fill*         0x00003cf2        0x2 ff
 .rodata        0x00003cf4       0xe8 ./source/logger.o
 .rodata        0x00003ddc       0x17 ./source/uartinterrupt.o
 *fill*         0x00003df3        0x1 ff
 .rodata        0x00003df4      0x11d ./drivers/fsl_clock.o
 *fill*         0x00003f11        0x3 ff
 .rodata.fllFactorTable.5230
                0x00003f14       0x10 ./drivers/fsl_clock.o
 .rodata        0x00003f24      0x48c ./drivers/fsl_lpsci.o
 .rodata.s_uartBases
                0x000043b0        0xc ./drivers/fsl_uart.o
 .rodata.s_uartClock
                0x000043bc        0xc ./drivers/fsl_uart.o
 .rodata        0x000043c8      0x45b ./drivers/fsl_uart.o
 *fill*         0x00004823        0x1 ff
 .rodata.mcgConfig_BOARD_BootClockRUN
                0x00004824        0xa ./board/clock_config.o
                0x00004824                mcgConfig_BOARD_BootClockRUN
 *fill*         0x0000482e        0x2 ff
 .rodata.simConfig_BOARD_BootClockRUN
                0x00004830        0x8 ./board/clock_config.o
                0x00004830                simConfig_BOARD_BootClockRUN
 .rodata.oscConfig_BOARD_BootClockRUN
                0x00004838        0x8 ./board/clock_config.o
                0x00004838                oscConfig_BOARD_BootClockRUN
 .rodata.__num_Ciob_streams
                0x00004840        0x4 c:/mcuxpressoide_11.0.1_2563/ide/plugins/com.nxp.mcuxpresso.tools.win32_11.0.1.201907311258/tools/bin/../lib/gcc/arm-none-eabi/8.2.1/../../../../arm-none-eabi/lib/thumb/v6-m/nofp\libcr_nohost_nf.a(__ciob.o)
                0x00004840                __num_Ciob_streams
 .rodata.__assertion_failed.str1.1
                0x00004844       0x15 c:/mcuxpressoide_11.0.1_2563/ide/plugins/com.nxp.mcuxpresso.tools.win32_11.0.1.201907311258/tools/bin/../lib/gcc/arm-none-eabi/8.2.1/../../../../arm-none-eabi/lib/thumb/v6-m/nofp\libcr_nohost_nf.a(_cr_assert.o)
 .rodata._Csys_alloc.str1.1
                0x00004859       0x18 c:/mcuxpressoide_11.0.1_2563/ide/plugins/com.nxp.mcuxpresso.tools.win32_11.0.1.201907311258/tools/bin/../lib/gcc/arm-none-eabi/8.2.1/../../../../arm-none-eabi/lib/thumb/v6-m/nofp\libcr_c.a(alloc.o)
 .rodata._initio.str1.1
                0x00004871        0x4 c:/mcuxpressoide_11.0.1_2563/ide/plugins/com.nxp.mcuxpresso.tools.win32_11.0.1.201907311258/tools/bin/../lib/gcc/arm-none-eabi/8.2.1/../../../../arm-none-eabi/lib/thumb/v6-m/nofp\libcr_c.a(initio.o)
 .rodata.__vfprintf.str1.1
                0x00004875       0x35 c:/mcuxpressoide_11.0.1_2563/ide/plugins/com.nxp.mcuxpresso.tools.win32_11.0.1.201907311258/tools/bin/../lib/gcc/arm-none-eabi/8.2.1/../../../../arm-none-eabi/lib/thumb/v6-m/nofp\libcr_c.a(printf.o)
                                 0x38 (size before relaxing)
                0x000048ac                . = ALIGN (0x4)
 *fill*         0x000048aa        0x2 ff

.glue_7         0x000048ac        0x0
 .glue_7        0x000048ac        0x0 linker stubs

.glue_7t        0x000048ac        0x0
 .glue_7t       0x000048ac        0x0 linker stubs

.vfp11_veneer   0x000048ac        0x0
 .vfp11_veneer  0x000048ac        0x0 linker stubs

.v4_bx          0x000048ac        0x0
 .v4_bx         0x000048ac        0x0 linker stubs

.iplt           0x000048ac        0x0
 .iplt          0x000048ac        0x0 ./utilities/fsl_debug_console.o

.rel.dyn        0x000048ac        0x0
 .rel.iplt      0x000048ac        0x0 ./utilities/fsl_debug_console.o

.ARM.extab
 *(SORT_BY_ALIGNMENT(.ARM.extab*) SORT_BY_ALIGNMENT(.gnu.linkonce.armextab.*))
                0x000048ac                __exidx_start = .

.ARM.exidx
 *(SORT_BY_ALIGNMENT(.ARM.exidx*) SORT_BY_ALIGNMENT(.gnu.linkonce.armexidx.*))
                0x000048ac                __exidx_end = .
                0x000048ac                _etext = .

.m_usb_data
 *(SORT_BY_ALIGNMENT(m_usb_bdt))

.mtb_buffer_default
                0x1ffff000       0x80
 *(SORT_BY_ALIGNMENT(.mtb*))
 .mtb.$RAM1     0x1ffff000       0x80 ./source/mtb.o
                0x1ffff000                __mtb_buffer__

.uninit_RESERVED
                0x1ffff080        0x0
                0x1ffff080                . = ALIGN (0x4)
 *(SORT_BY_ALIGNMENT(.bss.$RESERVED*))
                0x1ffff080                . = ALIGN (0x4)
                0x1ffff080                _end_uninit_RESERVED = .

.data           0x1ffff080      0x648 load address 0x000048ac
 FILL mask 0xff
                0x1ffff080                _data = .
 *(SORT_BY_ALIGNMENT(vtable))
 *(SORT_BY_ALIGNMENT(.ramfunc*))
 *(SORT_BY_ALIGNMENT(CodeQuickAccess))
 *(SORT_BY_ALIGNMENT(DataQuickAccess))
 *(SORT_BY_ALIGNMENT(RamFunction))
 *(SORT_BY_ALIGNMENT(.data*))
 .data.ch_arr   0x1ffff080      0x640 ./source/logger.o
                0x1ffff080                ch_arr
 .data.s_slowIrcFreq
                0x1ffff6c0        0x4 ./drivers/fsl_clock.o
 .data.SystemCoreClock
                0x1ffff6c4        0x4 ./CMSIS/system_MKL25Z4.o
                0x1ffff6c4                SystemCoreClock
                0x1ffff6c8                . = ALIGN (0x4)
                0x1ffff6c8                _edata = .

.igot.plt       0x1ffff6c8        0x0 load address 0x00004ef4
 .igot.plt      0x1ffff6c8        0x0 ./utilities/fsl_debug_console.o

.bss            0x1ffff6c8       0xfc load address 0x00004ef4
                0x1ffff6c8                . = ALIGN (0x4)
                0x1ffff6c8                _bss = .
 *(SORT_BY_ALIGNMENT(.bss*))
 .bss.s_debugConsole
                0x1ffff6c8       0x10 ./utilities/fsl_debug_console.o
 .bss.r_buff    0x1ffff6d8        0x4 ./source/Project_5.o
                0x1ffff6d8                r_buff
 .bss.timecount
                0x1ffff6dc        0x4 ./source/logger.o
                0x1ffff6dc                timecount
 .bss.g_xtal0Freq
                0x1ffff6e0        0x4 ./drivers/fsl_clock.o
                0x1ffff6e0                g_xtal0Freq
 .bss.s_lpsciHandle
                0x1ffff6e4        0x4 ./drivers/fsl_lpsci.o
 .bss.s_lpsciIsr
                0x1ffff6e8        0x4 ./drivers/fsl_lpsci.o
 .bss.s_uartHandle
                0x1ffff6ec        0xc ./drivers/fsl_uart.o
 .bss.s_uartIsr
                0x1ffff6f8        0x4 ./drivers/fsl_uart.o
 .bss.__Ciob    0x1ffff6fc       0xb4 c:/mcuxpressoide_11.0.1_2563/ide/plugins/com.nxp.mcuxpresso.tools.win32_11.0.1.201907311258/tools/bin/../lib/gcc/arm-none-eabi/8.2.1/../../../../arm-none-eabi/lib/thumb/v6-m/nofp\libcr_nohost_nf.a(__ciob.o)
                0x1ffff6fc                __Ciob
 .bss.__end_of_heap
                0x1ffff7b0        0x4 c:/mcuxpressoide_11.0.1_2563/ide/plugins/com.nxp.mcuxpresso.tools.win32_11.0.1.201907311258/tools/bin/../lib/gcc/arm-none-eabi/8.2.1/../../../../arm-none-eabi/lib/thumb/v6-m/nofp\libcr_c.a(__init_alloc.o)
                0x1ffff7b0                __end_of_heap
 .bss.__heaps   0x1ffff7b4        0x4 c:/mcuxpressoide_11.0.1_2563/ide/plugins/com.nxp.mcuxpresso.tools.win32_11.0.1.201907311258/tools/bin/../lib/gcc/arm-none-eabi/8.2.1/../../../../arm-none-eabi/lib/thumb/v6-m/nofp\libcr_c.a(__init_alloc.o)
                0x1ffff7b4                __heaps
 .bss.errno     0x1ffff7b8        0x4 c:/mcuxpressoide_11.0.1_2563/ide/plugins/com.nxp.mcuxpresso.tools.win32_11.0.1.201907311258/tools/bin/../lib/gcc/arm-none-eabi/8.2.1/../../../../arm-none-eabi/lib/thumb/v6-m/nofp\libcr_c.a(errno.o)
                0x1ffff7b8                errno
 .bss.receive_status
                0x1ffff7bc        0x1 ./source/Project_5.o
                0x1ffff7bc                receive_status
 .bss.sec       0x1ffff7bd        0x1 ./source/logger.o
                0x1ffff7bd                sec
 .bss.min       0x1ffff7be        0x1 ./source/logger.o
                0x1ffff7be                min
 .bss.hour      0x1ffff7bf        0x1 ./source/logger.o
                0x1ffff7bf                hour
 .bss.rx_status
                0x1ffff7c0        0x1 ./source/uartinterrupt.o
                0x1ffff7c0                rx_status
 *(SORT_BY_ALIGNMENT(COMMON))
                0x1ffff7c4                . = ALIGN (0x4)
 *fill*         0x1ffff7c1        0x3 
                0x1ffff7c4                _ebss = .
                [!provide]                PROVIDE (end = .)

.noinit         0x1ffff7c4        0x0 load address 0x00004ef4
                0x1ffff7c4                . = ALIGN (0x4)
                0x1ffff7c4                _noinit = .
 *(SORT_BY_ALIGNMENT(.noinit*))
                0x1ffff7c4                . = ALIGN (0x4)
                0x1ffff7c4                _end_noinit = .
                0x00000400                _HeapSize = 0x400

.heap           0x1ffff7c4      0x400 load address 0x00004ef4
                0x1ffff7c4                _pvHeapStart = .
                0x1ffffbc4                . = (. + _HeapSize)
 *fill*         0x1ffff7c4      0x400 
                0x1ffffbc4                . = ALIGN (0x4)
                0x1ffffbc4                _pvHeapLimit = .
                0x00000400                _StackSize = 0x400

.heap2stackfill
                0x1ffffbc4      0x400 load address 0x00004ef4
                0x1fffffc4                . = (. + _StackSize)
 *fill*         0x1ffffbc4      0x400 

.stack          0x20002c00        0x0
                0x20002c00                _vStackBase = .
                0x20002c00                . = ALIGN (0x4)
                0x20003000                _vStackTop = (. + _StackSize)
                0x00000000                _image_start = LOADADDR (.text)
                0x00004ef4                _image_end = (LOADADDR (.data) + SIZEOF (.data))
                0x00004ef4                _image_size = (_image_end - _image_start)
OUTPUT(Project_5.axf elf32-littlearm)

.debug_info     0x00000000     0xb170
 .debug_info    0x00000000      0xa38 ./utilities/fsl_debug_console.o
 .debug_info    0x00000a38      0x4df ./startup/startup_mkl25z4.o
 .debug_info    0x00000f17      0x90d ./source/Project_5.o
 .debug_info    0x00001824      0x9f5 ./source/cir_buffer.o
 .debug_info    0x00002219      0x888 ./source/led.o
 .debug_info    0x00002aa1      0xc1e ./source/logger.o
 .debug_info    0x000036bf       0x53 ./source/mtb.o
 .debug_info    0x00003712       0x3c ./source/semihost_hardfault.o
 .debug_info    0x0000374e      0xa6a ./source/uartinterrupt.o
 .debug_info    0x000041b8      0xf8d ./source/uartpoll.o
 .debug_info    0x00005145     0x1a97 ./drivers/fsl_clock.o
 .debug_info    0x00006bdc     0x1469 ./drivers/fsl_lpsci.o
 .debug_info    0x00008045     0x140a ./drivers/fsl_uart.o
 .debug_info    0x0000944f      0x80b ./board/board.o
 .debug_info    0x00009c5a      0xafe ./board/clock_config.o
 .debug_info    0x0000a758       0x3c ./board/peripherals.o
 .debug_info    0x0000a794      0x5a3 ./board/pin_mux.o
 .debug_info    0x0000ad37      0x439 ./CMSIS/system_MKL25Z4.o

.debug_abbrev   0x00000000     0x218a
 .debug_abbrev  0x00000000      0x22c ./utilities/fsl_debug_console.o
 .debug_abbrev  0x0000022c      0x18d ./startup/startup_mkl25z4.o
 .debug_abbrev  0x000003b9      0x1a3 ./source/Project_5.o
 .debug_abbrev  0x0000055c      0x1f2 ./source/cir_buffer.o
 .debug_abbrev  0x0000074e      0x1d8 ./source/led.o
 .debug_abbrev  0x00000926      0x26d ./source/logger.o
 .debug_abbrev  0x00000b93       0x46 ./source/mtb.o
 .debug_abbrev  0x00000bd9       0x31 ./source/semihost_hardfault.o
 .debug_abbrev  0x00000c0a      0x253 ./source/uartinterrupt.o
 .debug_abbrev  0x00000e5d      0x298 ./source/uartpoll.o
 .debug_abbrev  0x000010f5      0x36f ./drivers/fsl_clock.o
 .debug_abbrev  0x00001464      0x309 ./drivers/fsl_lpsci.o
 .debug_abbrev  0x0000176d      0x323 ./drivers/fsl_uart.o
 .debug_abbrev  0x00001a90      0x1a7 ./board/board.o
 .debug_abbrev  0x00001c37      0x211 ./board/clock_config.o
 .debug_abbrev  0x00001e48       0x31 ./board/peripherals.o
 .debug_abbrev  0x00001e79      0x1bb ./board/pin_mux.o
 .debug_abbrev  0x00002034      0x156 ./CMSIS/system_MKL25Z4.o

.debug_aranges  0x00000000      0x8f8
 .debug_aranges
                0x00000000       0x58 ./utilities/fsl_debug_console.o
 .debug_aranges
                0x00000058      0x160 ./startup/startup_mkl25z4.o
 .debug_aranges
                0x000001b8       0x20 ./source/Project_5.o
 .debug_aranges
                0x000001d8       0x58 ./source/cir_buffer.o
 .debug_aranges
                0x00000230       0x58 ./source/led.o
 .debug_aranges
                0x00000288       0x50 ./source/logger.o
 .debug_aranges
                0x000002d8       0x18 ./source/mtb.o
 .debug_aranges
                0x000002f0       0x20 ./source/semihost_hardfault.o
 .debug_aranges
                0x00000310       0x60 ./source/uartinterrupt.o
 .debug_aranges
                0x00000370       0x68 ./source/uartpoll.o
 .debug_aranges
                0x000003d8      0x1d8 ./drivers/fsl_clock.o
 .debug_aranges
                0x000005b0      0x118 ./drivers/fsl_lpsci.o
 .debug_aranges
                0x000006c8      0x130 ./drivers/fsl_uart.o
 .debug_aranges
                0x000007f8       0x28 ./board/board.o
 .debug_aranges
                0x00000820       0x58 ./board/clock_config.o
 .debug_aranges
                0x00000878       0x20 ./board/peripherals.o
 .debug_aranges
                0x00000898       0x38 ./board/pin_mux.o
 .debug_aranges
                0x000008d0       0x28 ./CMSIS/system_MKL25Z4.o

.debug_ranges   0x00000000      0x7d0
 .debug_ranges  0x00000000       0x48 ./utilities/fsl_debug_console.o
 .debug_ranges  0x00000048      0x150 ./startup/startup_mkl25z4.o
 .debug_ranges  0x00000198       0x10 ./source/Project_5.o
 .debug_ranges  0x000001a8       0x48 ./source/cir_buffer.o
 .debug_ranges  0x000001f0       0x48 ./source/led.o
 .debug_ranges  0x00000238       0x40 ./source/logger.o
 .debug_ranges  0x00000278       0x10 ./source/semihost_hardfault.o
 .debug_ranges  0x00000288       0x50 ./source/uartinterrupt.o
 .debug_ranges  0x000002d8       0x58 ./source/uartpoll.o
 .debug_ranges  0x00000330      0x1c8 ./drivers/fsl_clock.o
 .debug_ranges  0x000004f8      0x108 ./drivers/fsl_lpsci.o
 .debug_ranges  0x00000600      0x120 ./drivers/fsl_uart.o
 .debug_ranges  0x00000720       0x18 ./board/board.o
 .debug_ranges  0x00000738       0x48 ./board/clock_config.o
 .debug_ranges  0x00000780       0x10 ./board/peripherals.o
 .debug_ranges  0x00000790       0x28 ./board/pin_mux.o
 .debug_ranges  0x000007b8       0x18 ./CMSIS/system_MKL25Z4.o

.debug_macro    0x00000000     0x970e
 .debug_macro   0x00000000      0x13a ./utilities/fsl_debug_console.o
 .debug_macro   0x0000013a      0xaae ./utilities/fsl_debug_console.o
 .debug_macro   0x00000be8       0x10 ./utilities/fsl_debug_console.o
 .debug_macro   0x00000bf8       0x16 ./utilities/fsl_debug_console.o
 .debug_macro   0x00000c0e       0x10 ./utilities/fsl_debug_console.o
 .debug_macro   0x00000c1e      0x12e ./utilities/fsl_debug_console.o
 .debug_macro   0x00000d4c       0x28 ./utilities/fsl_debug_console.o
 .debug_macro   0x00000d74       0xc4 ./utilities/fsl_debug_console.o
 .debug_macro   0x00000e38       0x16 ./utilities/fsl_debug_console.o
 .debug_macro   0x00000e4e       0x22 ./utilities/fsl_debug_console.o
 .debug_macro   0x00000e70      0x5b3 ./utilities/fsl_debug_console.o
 .debug_macro   0x00001423       0x10 ./utilities/fsl_debug_console.o
 .debug_macro   0x00001433       0x3f ./utilities/fsl_debug_console.o
 .debug_macro   0x00001472       0x3a ./utilities/fsl_debug_console.o
 .debug_macro   0x000014ac       0x26 ./utilities/fsl_debug_console.o
 .debug_macro   0x000014d2      0x329 ./utilities/fsl_debug_console.o
 .debug_macro   0x000017fb       0x30 ./utilities/fsl_debug_console.o
 .debug_macro   0x0000182b     0x51e2 ./utilities/fsl_debug_console.o
 .debug_macro   0x00006a0d     0x1352 ./utilities/fsl_debug_console.o
 .debug_macro   0x00007d5f       0x3a ./utilities/fsl_debug_console.o
 .debug_macro   0x00007d99       0xf4 ./utilities/fsl_debug_console.o
 .debug_macro   0x00007e8d       0x35 ./utilities/fsl_debug_console.o
 .debug_macro   0x00007ec2       0xd2 ./utilities/fsl_debug_console.o
 .debug_macro   0x00007f94       0x2e ./utilities/fsl_debug_console.o
 .debug_macro   0x00007fc2       0x10 ./utilities/fsl_debug_console.o
 .debug_macro   0x00007fd2       0x10 ./utilities/fsl_debug_console.o
 .debug_macro   0x00007fe2       0x29 ./startup/startup_mkl25z4.o
 .debug_macro   0x0000800b      0x1c7 ./source/Project_5.o
 .debug_macro   0x000081d2       0xd8 ./source/Project_5.o
 .debug_macro   0x000082aa       0x22 ./source/Project_5.o
 .debug_macro   0x000082cc       0x10 ./source/Project_5.o
 .debug_macro   0x000082dc       0x16 ./source/Project_5.o
 .debug_macro   0x000082f2       0x10 ./source/Project_5.o
 .debug_macro   0x00008302      0x112 ./source/Project_5.o
 .debug_macro   0x00008414       0x64 ./source/Project_5.o
 .debug_macro   0x00008478       0x34 ./source/Project_5.o
 .debug_macro   0x000084ac       0x22 ./source/Project_5.o
 .debug_macro   0x000084ce       0x16 ./source/Project_5.o
 .debug_macro   0x000084e4      0x100 ./source/Project_5.o
 .debug_macro   0x000085e4      0x1c7 ./source/cir_buffer.o
 .debug_macro   0x000087ab      0x1bd ./source/led.o
 .debug_macro   0x00008968      0x1c1 ./source/logger.o
 .debug_macro   0x00008b29       0x2f ./source/mtb.o
 .debug_macro   0x00008b58       0x82 ./source/mtb.o
 .debug_macro   0x00008bda       0x10 ./source/mtb.o
 .debug_macro   0x00008bea       0x11 ./source/semihost_hardfault.o
 .debug_macro   0x00008bfb      0x1c7 ./source/uartinterrupt.o
 .debug_macro   0x00008dc2      0x1c1 ./source/uartpoll.o
 .debug_macro   0x00008f83      0x196 ./drivers/fsl_clock.o
 .debug_macro   0x00009119       0x1c ./drivers/fsl_clock.o
 .debug_macro   0x00009135       0xec ./drivers/fsl_lpsci.o
 .debug_macro   0x00009221       0xf2 ./drivers/fsl_uart.o
 .debug_macro   0x00009313      0x12b ./board/board.o
 .debug_macro   0x0000943e      0x123 ./board/clock_config.o
 .debug_macro   0x00009561       0x1b ./board/peripherals.o
 .debug_macro   0x0000957c       0xee ./board/pin_mux.o
 .debug_macro   0x0000966a       0x10 ./board/pin_mux.o
 .debug_macro   0x0000967a       0x94 ./CMSIS/system_MKL25Z4.o

.debug_line     0x00000000     0x5eba
 .debug_line    0x00000000      0x46b ./utilities/fsl_debug_console.o
 .debug_line    0x0000046b      0x1e7 ./startup/startup_mkl25z4.o
 .debug_line    0x00000652      0x383 ./source/Project_5.o
 .debug_line    0x000009d5      0x5d5 ./source/cir_buffer.o
 .debug_line    0x00000faa      0x42b ./source/led.o
 .debug_line    0x000013d5      0x54e ./source/logger.o
 .debug_line    0x00001923       0xcd ./source/mtb.o
 .debug_line    0x000019f0       0x5a ./source/semihost_hardfault.o
 .debug_line    0x00001a4a      0x511 ./source/uartinterrupt.o
 .debug_line    0x00001f5b      0x596 ./source/uartpoll.o
 .debug_line    0x000024f1     0x12a9 ./drivers/fsl_clock.o
 .debug_line    0x0000379a      0xd2a ./drivers/fsl_lpsci.o
 .debug_line    0x000044c4      0xd19 ./drivers/fsl_uart.o
 .debug_line    0x000051dd      0x2e6 ./board/board.o
 .debug_line    0x000054c3      0x36b ./board/clock_config.o
 .debug_line    0x0000582e       0x5c ./board/peripherals.o
 .debug_line    0x0000588a      0x2f9 ./board/pin_mux.o
 .debug_line    0x00005b83      0x337 ./CMSIS/system_MKL25Z4.o

.debug_str      0x00000000    0x374d6
 .debug_str     0x00000000    0x315af ./utilities/fsl_debug_console.o
                              0x31814 (size before relaxing)
 .debug_str     0x000315af      0x3e1 ./startup/startup_mkl25z4.o
                               0x31a8 (size before relaxing)
 .debug_str     0x00031990     0x23be ./source/Project_5.o
                              0x331ac (size before relaxing)
 .debug_str     0x00033d4e       0x9d ./source/cir_buffer.o
                              0x33202 (size before relaxing)
 .debug_str     0x00033deb       0xbc ./source/led.o
                              0x32fe7 (size before relaxing)
 .debug_str     0x00033ea7      0x2d6 ./source/logger.o
                              0x332ec (size before relaxing)
 .debug_str     0x0003417d      0x532 ./source/mtb.o
                               0x32b4 (size before relaxing)
 .debug_str     0x000346af       0x1f ./source/semihost_hardfault.o
                               0x2da1 (size before relaxing)
 .debug_str     0x000346ce       0x9d ./source/uartinterrupt.o
                              0x331ac (size before relaxing)
 .debug_str     0x0003476b      0x1a1 ./source/uartpoll.o
                              0x334f0 (size before relaxing)
 .debug_str     0x0003490c     0x14db ./drivers/fsl_clock.o
                              0x322af (size before relaxing)
 .debug_str     0x00035de7      0x966 ./drivers/fsl_lpsci.o
                              0x318b7 (size before relaxing)
 .debug_str     0x0003674d      0x832 ./drivers/fsl_uart.o
                              0x318da (size before relaxing)
 .debug_str     0x00036f7f       0x4c ./board/board.o
                              0x31727 (size before relaxing)
 .debug_str     0x00036fcb      0x300 ./board/clock_config.o
                              0x311dd (size before relaxing)
 .debug_str     0x000372cb       0x31 ./board/peripherals.o
                               0x2db2 (size before relaxing)
 .debug_str     0x000372fc      0x18b ./board/pin_mux.o
                              0x30af1 (size before relaxing)
 .debug_str     0x00037487       0x4f ./CMSIS/system_MKL25Z4.o
                              0x2fc19 (size before relaxing)

.comment        0x00000000       0x75
 .comment       0x00000000       0x75 ./utilities/fsl_debug_console.o
                                 0x76 (size before relaxing)
 .comment       0x00000075       0x76 ./startup/startup_mkl25z4.o
 .comment       0x00000075       0x76 ./source/Project_5.o
 .comment       0x00000075       0x76 ./source/cir_buffer.o
 .comment       0x00000075       0x76 ./source/led.o
 .comment       0x00000075       0x76 ./source/logger.o
 .comment       0x00000075       0x76 ./source/mtb.o
 .comment       0x00000075       0x76 ./source/semihost_hardfault.o
 .comment       0x00000075       0x76 ./source/uartinterrupt.o
 .comment       0x00000075       0x76 ./source/uartpoll.o
 .comment       0x00000075       0x76 ./drivers/fsl_clock.o
 .comment       0x00000075       0x76 ./drivers/fsl_lpsci.o
 .comment       0x00000075       0x76 ./drivers/fsl_uart.o
 .comment       0x00000075       0x76 ./board/board.o
 .comment       0x00000075       0x76 ./board/clock_config.o
 .comment       0x00000075       0x76 ./board/peripherals.o
 .comment       0x00000075       0x76 ./board/pin_mux.o
 .comment       0x00000075       0x76 ./CMSIS/system_MKL25Z4.o
 .comment       0x00000075       0x76 c:/mcuxpressoide_11.0.1_2563/ide/plugins/com.nxp.mcuxpresso.tools.win32_11.0.1.201907311258/tools/bin/../lib/gcc/arm-none-eabi/8.2.1/../../../../arm-none-eabi/lib/thumb/v6-m/nofp\libcr_nohost_nf.a(_cr__main.o)
 .comment       0x00000075       0x76 c:/mcuxpressoide_11.0.1_2563/ide/plugins/com.nxp.mcuxpresso.tools.win32_11.0.1.201907311258/tools/bin/../lib/gcc/arm-none-eabi/8.2.1/../../../../arm-none-eabi/lib/thumb/v6-m/nofp\libcr_nohost_nf.a(_cr_assert.o)
 .comment       0x00000075       0x76 c:/mcuxpressoide_11.0.1_2563/ide/plugins/com.nxp.mcuxpresso.tools.win32_11.0.1.201907311258/tools/bin/../lib/gcc/arm-none-eabi/8.2.1/../../../../arm-none-eabi/lib/thumb/v6-m/nofp\libcr_nohost_nf.a(__ciob.o)
 .comment       0x00000075       0x76 c:/mcuxpressoide_11.0.1_2563/ide/plugins/com.nxp.mcuxpresso.tools.win32_11.0.1.201907311258/tools/bin/../lib/gcc/arm-none-eabi/8.2.1/../../../../arm-none-eabi/lib/thumb/v6-m/nofp\libcr_nohost_nf.a(__sys_appexit.o)
 .comment       0x00000075       0x76 c:/mcuxpressoide_11.0.1_2563/ide/plugins/com.nxp.mcuxpresso.tools.win32_11.0.1.201907311258/tools/bin/../lib/gcc/arm-none-eabi/8.2.1/../../../../arm-none-eabi/lib/thumb/v6-m/nofp\libcr_c.a(memset.o)
 .comment       0x00000075       0x76 c:/mcuxpressoide_11.0.1_2563/ide/plugins/com.nxp.mcuxpresso.tools.win32_11.0.1.201907311258/tools/bin/../lib/gcc/arm-none-eabi/8.2.1/../../../../arm-none-eabi/lib/thumb/v6-m/nofp\libcr_c.a(_deferredlazyseek.o)
 .comment       0x00000075       0x76 c:/mcuxpressoide_11.0.1_2563/ide/plugins/com.nxp.mcuxpresso.tools.win32_11.0.1.201907311258/tools/bin/../lib/gcc/arm-none-eabi/8.2.1/../../../../arm-none-eabi/lib/thumb/v6-m/nofp\libcr_c.a(_fflush.o)
 .comment       0x00000075       0x76 c:/mcuxpressoide_11.0.1_2563/ide/plugins/com.nxp.mcuxpresso.tools.win32_11.0.1.201907311258/tools/bin/../lib/gcc/arm-none-eabi/8.2.1/../../../../arm-none-eabi/lib/thumb/v6-m/nofp\libcr_c.a(_writebuf.o)
 .comment       0x00000075       0x76 c:/mcuxpressoide_11.0.1_2563/ide/plugins/com.nxp.mcuxpresso.tools.win32_11.0.1.201907311258/tools/bin/../lib/gcc/arm-none-eabi/8.2.1/../../../../arm-none-eabi/lib/thumb/v6-m/nofp\libcr_c.a(alloc.o)
 .comment       0x00000075       0x76 c:/mcuxpressoide_11.0.1_2563/ide/plugins/com.nxp.mcuxpresso.tools.win32_11.0.1.201907311258/tools/bin/../lib/gcc/arm-none-eabi/8.2.1/../../../../arm-none-eabi/lib/thumb/v6-m/nofp\libcr_c.a(fputs.o)
 .comment       0x00000075       0x76 c:/mcuxpressoide_11.0.1_2563/ide/plugins/com.nxp.mcuxpresso.tools.win32_11.0.1.201907311258/tools/bin/../lib/gcc/arm-none-eabi/8.2.1/../../../../arm-none-eabi/lib/thumb/v6-m/nofp\libcr_c.a(fseek.o)
 .comment       0x00000075       0x76 c:/mcuxpressoide_11.0.1_2563/ide/plugins/com.nxp.mcuxpresso.tools.win32_11.0.1.201907311258/tools/bin/../lib/gcc/arm-none-eabi/8.2.1/../../../../arm-none-eabi/lib/thumb/v6-m/nofp\libcr_c.a(ftell.o)
 .comment       0x00000075       0x76 c:/mcuxpressoide_11.0.1_2563/ide/plugins/com.nxp.mcuxpresso.tools.win32_11.0.1.201907311258/tools/bin/../lib/gcc/arm-none-eabi/8.2.1/../../../../arm-none-eabi/lib/thumb/v6-m/nofp\libcr_c.a(initio.o)
 .comment       0x00000075       0x76 c:/mcuxpressoide_11.0.1_2563/ide/plugins/com.nxp.mcuxpresso.tools.win32_11.0.1.201907311258/tools/bin/../lib/gcc/arm-none-eabi/8.2.1/../../../../arm-none-eabi/lib/thumb/v6-m/nofp\libcr_c.a(printf.o)
 .comment       0x00000075       0x76 c:/mcuxpressoide_11.0.1_2563/ide/plugins/com.nxp.mcuxpresso.tools.win32_11.0.1.201907311258/tools/bin/../lib/gcc/arm-none-eabi/8.2.1/../../../../arm-none-eabi/lib/thumb/v6-m/nofp\libcr_c.a(setvbuf.o)
 .comment       0x00000075       0x76 c:/mcuxpressoide_11.0.1_2563/ide/plugins/com.nxp.mcuxpresso.tools.win32_11.0.1.201907311258/tools/bin/../lib/gcc/arm-none-eabi/8.2.1/../../../../arm-none-eabi/lib/thumb/v6-m/nofp\libcr_c.a(strlen.o)
 .comment       0x00000075       0x76 c:/mcuxpressoide_11.0.1_2563/ide/plugins/com.nxp.mcuxpresso.tools.win32_11.0.1.201907311258/tools/bin/../lib/gcc/arm-none-eabi/8.2.1/../../../../arm-none-eabi/lib/thumb/v6-m/nofp\libcr_c.a(__init_alloc.o)
 .comment       0x00000075       0x76 c:/mcuxpressoide_11.0.1_2563/ide/plugins/com.nxp.mcuxpresso.tools.win32_11.0.1.201907311258/tools/bin/../lib/gcc/arm-none-eabi/8.2.1/../../../../arm-none-eabi/lib/thumb/v6-m/nofp\libcr_c.a(_cr_sbrk.o)
 .comment       0x00000075       0x76 c:/mcuxpressoide_11.0.1_2563/ide/plugins/com.nxp.mcuxpresso.tools.win32_11.0.1.201907311258/tools/bin/../lib/gcc/arm-none-eabi/8.2.1/../../../../arm-none-eabi/lib/thumb/v6-m/nofp\libcr_c.a(_fdopen.o)
 .comment       0x00000075       0x76 c:/mcuxpressoide_11.0.1_2563/ide/plugins/com.nxp.mcuxpresso.tools.win32_11.0.1.201907311258/tools/bin/../lib/gcc/arm-none-eabi/8.2.1/../../../../arm-none-eabi/lib/thumb/v6-m/nofp\libcr_c.a(errno.o)
 .comment       0x00000075       0x76 c:/mcuxpressoide_11.0.1_2563/ide/plugins/com.nxp.mcuxpresso.tools.win32_11.0.1.201907311258/tools/bin/../lib/gcc/arm-none-eabi/8.2.1/../../../../arm-none-eabi/lib/thumb/v6-m/nofp\libcr_c.a(fclose.o)
 .comment       0x00000075       0x76 c:/mcuxpressoide_11.0.1_2563/ide/plugins/com.nxp.mcuxpresso.tools.win32_11.0.1.201907311258/tools/bin/../lib/gcc/arm-none-eabi/8.2.1/../../../../arm-none-eabi/lib/thumb/v6-m/nofp\libcr_c.a(fflush.o)
 .comment       0x00000075       0x76 c:/mcuxpressoide_11.0.1_2563/ide/plugins/com.nxp.mcuxpresso.tools.win32_11.0.1.201907311258/tools/bin/../lib/gcc/arm-none-eabi/8.2.1/../../../../arm-none-eabi/lib/thumb/v6-m/nofp\libcr_c.a(remove.o)
 .comment       0x00000075       0x76 c:/mcuxpressoide_11.0.1_2563/ide/plugins/com.nxp.mcuxpresso.tools.win32_11.0.1.201907311258/tools/bin/../lib/gcc/arm-none-eabi/8.2.1/../../../../arm-none-eabi/lib/thumb/v6-m/nofp\libcr_c.a(_cr_check_heap.o)
 .comment       0x00000075       0x76 c:/mcuxpressoide_11.0.1_2563/ide/plugins/com.nxp.mcuxpresso.tools.win32_11.0.1.201907311258/tools/bin/../lib/gcc/arm-none-eabi/8.2.1/../../../../arm-none-eabi/lib/thumb/v6-m/nofp\libcr_c.a(_do_fflush.o)
 .comment       0x00000075       0x76 c:/mcuxpressoide_11.0.1_2563/ide/plugins/com.nxp.mcuxpresso.tools.win32_11.0.1.201907311258/tools/bin/../lib/gcc/arm-none-eabi/8.2.1/../../../../arm-none-eabi/lib/thumb/v6-m/nofp\libcr_nohost_nf.a(__sys_close.o)
 .comment       0x00000075       0x76 c:/mcuxpressoide_11.0.1_2563/ide/plugins/com.nxp.mcuxpresso.tools.win32_11.0.1.201907311258/tools/bin/../lib/gcc/arm-none-eabi/8.2.1/../../../../arm-none-eabi/lib/thumb/v6-m/nofp\libcr_nohost_nf.a(__sys_flen.o)
 .comment       0x00000075       0x76 c:/mcuxpressoide_11.0.1_2563/ide/plugins/com.nxp.mcuxpresso.tools.win32_11.0.1.201907311258/tools/bin/../lib/gcc/arm-none-eabi/8.2.1/../../../../arm-none-eabi/lib/thumb/v6-m/nofp\libcr_nohost_nf.a(__sys_istty.o)
 .comment       0x00000075       0x76 c:/mcuxpressoide_11.0.1_2563/ide/plugins/com.nxp.mcuxpresso.tools.win32_11.0.1.201907311258/tools/bin/../lib/gcc/arm-none-eabi/8.2.1/../../../../arm-none-eabi/lib/thumb/v6-m/nofp\libcr_nohost_nf.a(__sys_remove.o)
 .comment       0x00000075       0x76 c:/mcuxpressoide_11.0.1_2563/ide/plugins/com.nxp.mcuxpresso.tools.win32_11.0.1.201907311258/tools/bin/../lib/gcc/arm-none-eabi/8.2.1/../../../../arm-none-eabi/lib/thumb/v6-m/nofp\libcr_nohost_nf.a(__sys_seek.o)
 .comment       0x00000075       0x76 c:/mcuxpressoide_11.0.1_2563/ide/plugins/com.nxp.mcuxpresso.tools.win32_11.0.1.201907311258/tools/bin/../lib/gcc/arm-none-eabi/8.2.1/../../../../arm-none-eabi/lib/thumb/v6-m/nofp\libcr_nohost_nf.a(__sys_tmpnam.o)

.ARM.attributes
                0x00000000       0x2a
 .ARM.attributes
                0x00000000       0x2c ./utilities/fsl_debug_console.o
 .ARM.attributes
                0x0000002c       0x2c ./startup/startup_mkl25z4.o
 .ARM.attributes
                0x00000058       0x2c ./source/Project_5.o
 .ARM.attributes
                0x00000084       0x2c ./source/cir_buffer.o
 .ARM.attributes
                0x000000b0       0x2c ./source/led.o
 .ARM.attributes
                0x000000dc       0x2c ./source/logger.o
 .ARM.attributes
                0x00000108       0x32 ./source/mtb.o
 .ARM.attributes
                0x0000013a       0x2c ./source/semihost_hardfault.o
 .ARM.attributes
                0x00000166       0x2c ./source/uartinterrupt.o
 .ARM.attributes
                0x00000192       0x2c ./source/uartpoll.o
 .ARM.attributes
                0x000001be       0x2c ./drivers/fsl_clock.o
 .ARM.attributes
                0x000001ea       0x2c ./drivers/fsl_lpsci.o
 .ARM.attributes
                0x00000216       0x2c ./drivers/fsl_uart.o
 .ARM.attributes
                0x00000242       0x2c ./board/board.o
 .ARM.attributes
                0x0000026e       0x2c ./board/clock_config.o
 .ARM.attributes
                0x0000029a       0x2c ./board/peripherals.o
 .ARM.attributes
                0x000002c6       0x2c ./board/pin_mux.o
 .ARM.attributes
                0x000002f2       0x2c ./CMSIS/system_MKL25Z4.o
 .ARM.attributes
                0x0000031e       0x2c c:/mcuxpressoide_11.0.1_2563/ide/plugins/com.nxp.mcuxpresso.tools.win32_11.0.1.201907311258/tools/bin/../lib/gcc/arm-none-eabi/8.2.1/../../../../arm-none-eabi/lib/thumb/v6-m/nofp\libcr_nohost_nf.a(_cr__main.o)
 .ARM.attributes
                0x0000034a       0x2c c:/mcuxpressoide_11.0.1_2563/ide/plugins/com.nxp.mcuxpresso.tools.win32_11.0.1.201907311258/tools/bin/../lib/gcc/arm-none-eabi/8.2.1/../../../../arm-none-eabi/lib/thumb/v6-m/nofp\libcr_nohost_nf.a(_cr_assert.o)
 .ARM.attributes
                0x00000376       0x31 c:/mcuxpressoide_11.0.1_2563/ide/plugins/com.nxp.mcuxpresso.tools.win32_11.0.1.201907311258/tools/bin/../lib/gcc/arm-none-eabi/8.2.1/../../../../arm-none-eabi/lib/thumb/v6-m/nofp\libcr_nohost_nf.a(__ciob.o)
 .ARM.attributes
                0x000003a7       0x2c c:/mcuxpressoide_11.0.1_2563/ide/plugins/com.nxp.mcuxpresso.tools.win32_11.0.1.201907311258/tools/bin/../lib/gcc/arm-none-eabi/8.2.1/../../../../arm-none-eabi/lib/thumb/v6-m/nofp\libcr_nohost_nf.a(__sys_appexit.o)
 .ARM.attributes
                0x000003d3       0x2c c:/mcuxpressoide_11.0.1_2563/ide/plugins/com.nxp.mcuxpresso.tools.win32_11.0.1.201907311258/tools/bin/../lib/gcc/arm-none-eabi/8.2.1/../../../../arm-none-eabi/lib/thumb/v6-m/nofp\libcr_c.a(memset.o)
 .ARM.attributes
                0x000003ff       0x2c c:/mcuxpressoide_11.0.1_2563/ide/plugins/com.nxp.mcuxpresso.tools.win32_11.0.1.201907311258/tools/bin/../lib/gcc/arm-none-eabi/8.2.1/../../../../arm-none-eabi/lib/thumb/v6-m/nofp\libcr_c.a(_deferredlazyseek.o)
 .ARM.attributes
                0x0000042b       0x2c c:/mcuxpressoide_11.0.1_2563/ide/plugins/com.nxp.mcuxpresso.tools.win32_11.0.1.201907311258/tools/bin/../lib/gcc/arm-none-eabi/8.2.1/../../../../arm-none-eabi/lib/thumb/v6-m/nofp\libcr_c.a(_fflush.o)
 .ARM.attributes
                0x00000457       0x2c c:/mcuxpressoide_11.0.1_2563/ide/plugins/com.nxp.mcuxpresso.tools.win32_11.0.1.201907311258/tools/bin/../lib/gcc/arm-none-eabi/8.2.1/../../../../arm-none-eabi/lib/thumb/v6-m/nofp\libcr_c.a(_writebuf.o)
 .ARM.attributes
                0x00000483       0x2c c:/mcuxpressoide_11.0.1_2563/ide/plugins/com.nxp.mcuxpresso.tools.win32_11.0.1.201907311258/tools/bin/../lib/gcc/arm-none-eabi/8.2.1/../../../../arm-none-eabi/lib/thumb/v6-m/nofp\libcr_c.a(alloc.o)
 .ARM.attributes
                0x000004af       0x2c c:/mcuxpressoide_11.0.1_2563/ide/plugins/com.nxp.mcuxpresso.tools.win32_11.0.1.201907311258/tools/bin/../lib/gcc/arm-none-eabi/8.2.1/../../../../arm-none-eabi/lib/thumb/v6-m/nofp\libcr_c.a(fputs.o)
 .ARM.attributes
                0x000004db       0x2c c:/mcuxpressoide_11.0.1_2563/ide/plugins/com.nxp.mcuxpresso.tools.win32_11.0.1.201907311258/tools/bin/../lib/gcc/arm-none-eabi/8.2.1/../../../../arm-none-eabi/lib/thumb/v6-m/nofp\libcr_c.a(fseek.o)
 .ARM.attributes
                0x00000507       0x2c c:/mcuxpressoide_11.0.1_2563/ide/plugins/com.nxp.mcuxpresso.tools.win32_11.0.1.201907311258/tools/bin/../lib/gcc/arm-none-eabi/8.2.1/../../../../arm-none-eabi/lib/thumb/v6-m/nofp\libcr_c.a(ftell.o)
 .ARM.attributes
                0x00000533       0x2c c:/mcuxpressoide_11.0.1_2563/ide/plugins/com.nxp.mcuxpresso.tools.win32_11.0.1.201907311258/tools/bin/../lib/gcc/arm-none-eabi/8.2.1/../../../../arm-none-eabi/lib/thumb/v6-m/nofp\libcr_c.a(initio.o)
 .ARM.attributes
                0x0000055f       0x2c c:/mcuxpressoide_11.0.1_2563/ide/plugins/com.nxp.mcuxpresso.tools.win32_11.0.1.201907311258/tools/bin/../lib/gcc/arm-none-eabi/8.2.1/../../../../arm-none-eabi/lib/thumb/v6-m/nofp\libcr_c.a(printf.o)
 .ARM.attributes
                0x0000058b       0x2c c:/mcuxpressoide_11.0.1_2563/ide/plugins/com.nxp.mcuxpresso.tools.win32_11.0.1.201907311258/tools/bin/../lib/gcc/arm-none-eabi/8.2.1/../../../../arm-none-eabi/lib/thumb/v6-m/nofp\libcr_c.a(setvbuf.o)
 .ARM.attributes
                0x000005b7       0x2c c:/mcuxpressoide_11.0.1_2563/ide/plugins/com.nxp.mcuxpresso.tools.win32_11.0.1.201907311258/tools/bin/../lib/gcc/arm-none-eabi/8.2.1/../../../../arm-none-eabi/lib/thumb/v6-m/nofp\libcr_c.a(strlen.o)
 .ARM.attributes
                0x000005e3       0x2c c:/mcuxpressoide_11.0.1_2563/ide/plugins/com.nxp.mcuxpresso.tools.win32_11.0.1.201907311258/tools/bin/../lib/gcc/arm-none-eabi/8.2.1/../../../../arm-none-eabi/lib/thumb/v6-m/nofp\libcr_c.a(__init_alloc.o)
 .ARM.attributes
                0x0000060f       0x2c c:/mcuxpressoide_11.0.1_2563/ide/plugins/com.nxp.mcuxpresso.tools.win32_11.0.1.201907311258/tools/bin/../lib/gcc/arm-none-eabi/8.2.1/../../../../arm-none-eabi/lib/thumb/v6-m/nofp\libcr_c.a(_cr_sbrk.o)
 .ARM.attributes
                0x0000063b       0x2c c:/mcuxpressoide_11.0.1_2563/ide/plugins/com.nxp.mcuxpresso.tools.win32_11.0.1.201907311258/tools/bin/../lib/gcc/arm-none-eabi/8.2.1/../../../../arm-none-eabi/lib/thumb/v6-m/nofp\libcr_c.a(_fdopen.o)
 .ARM.attributes
                0x00000667       0x31 c:/mcuxpressoide_11.0.1_2563/ide/plugins/com.nxp.mcuxpresso.tools.win32_11.0.1.201907311258/tools/bin/../lib/gcc/arm-none-eabi/8.2.1/../../../../arm-none-eabi/lib/thumb/v6-m/nofp\libcr_c.a(errno.o)
 .ARM.attributes
                0x00000698       0x2c c:/mcuxpressoide_11.0.1_2563/ide/plugins/com.nxp.mcuxpresso.tools.win32_11.0.1.201907311258/tools/bin/../lib/gcc/arm-none-eabi/8.2.1/../../../../arm-none-eabi/lib/thumb/v6-m/nofp\libcr_c.a(fclose.o)
 .ARM.attributes
                0x000006c4       0x2c c:/mcuxpressoide_11.0.1_2563/ide/plugins/com.nxp.mcuxpresso.tools.win32_11.0.1.201907311258/tools/bin/../lib/gcc/arm-none-eabi/8.2.1/../../../../arm-none-eabi/lib/thumb/v6-m/nofp\libcr_c.a(fflush.o)
 .ARM.attributes
                0x000006f0       0x2c c:/mcuxpressoide_11.0.1_2563/ide/plugins/com.nxp.mcuxpresso.tools.win32_11.0.1.201907311258/tools/bin/../lib/gcc/arm-none-eabi/8.2.1/../../../../arm-none-eabi/lib/thumb/v6-m/nofp\libcr_c.a(remove.o)
 .ARM.attributes
                0x0000071c       0x2c c:/mcuxpressoide_11.0.1_2563/ide/plugins/com.nxp.mcuxpresso.tools.win32_11.0.1.201907311258/tools/bin/../lib/gcc/arm-none-eabi/8.2.1/../../../../arm-none-eabi/lib/thumb/v6-m/nofp\libcr_c.a(_cr_check_heap.o)
 .ARM.attributes
                0x00000748       0x2c c:/mcuxpressoide_11.0.1_2563/ide/plugins/com.nxp.mcuxpresso.tools.win32_11.0.1.201907311258/tools/bin/../lib/gcc/arm-none-eabi/8.2.1/../../../../arm-none-eabi/lib/thumb/v6-m/nofp\libcr_c.a(_do_fflush.o)
 .ARM.attributes
                0x00000774       0x1c c:/mcuxpressoide_11.0.1_2563/ide/plugins/com.nxp.mcuxpresso.tools.win32_11.0.1.201907311258/tools/bin/../lib/gcc/arm-none-eabi/8.2.1/thumb/v6-m/nofp\libcr_eabihelpers.a(division_32.o)
 .ARM.attributes
                0x00000790       0x1c c:/mcuxpressoide_11.0.1_2563/ide/plugins/com.nxp.mcuxpresso.tools.win32_11.0.1.201907311258/tools/bin/../lib/gcc/arm-none-eabi/8.2.1/thumb/v6-m/nofp\libcr_eabihelpers.a(division_idiv0.o)
 .ARM.attributes
                0x000007ac       0x1c c:/mcuxpressoide_11.0.1_2563/ide/plugins/com.nxp.mcuxpresso.tools.win32_11.0.1.201907311258/tools/bin/../lib/gcc/arm-none-eabi/8.2.1/thumb/v6-m/nofp\libcr_eabihelpers.a(llong.o)
 .ARM.attributes
                0x000007c8       0x1c c:/mcuxpressoide_11.0.1_2563/ide/plugins/com.nxp.mcuxpresso.tools.win32_11.0.1.201907311258/tools/bin/../lib/gcc/arm-none-eabi/8.2.1/thumb/v6-m/nofp\libcr_eabihelpers.a(memcpy.o)
 .ARM.attributes
                0x000007e4       0x2c c:/mcuxpressoide_11.0.1_2563/ide/plugins/com.nxp.mcuxpresso.tools.win32_11.0.1.201907311258/tools/bin/../lib/gcc/arm-none-eabi/8.2.1/../../../../arm-none-eabi/lib/thumb/v6-m/nofp\libcr_nohost_nf.a(__sys_close.o)
 .ARM.attributes
                0x00000810       0x2c c:/mcuxpressoide_11.0.1_2563/ide/plugins/com.nxp.mcuxpresso.tools.win32_11.0.1.201907311258/tools/bin/../lib/gcc/arm-none-eabi/8.2.1/../../../../arm-none-eabi/lib/thumb/v6-m/nofp\libcr_nohost_nf.a(__sys_flen.o)
 .ARM.attributes
                0x0000083c       0x2c c:/mcuxpressoide_11.0.1_2563/ide/plugins/com.nxp.mcuxpresso.tools.win32_11.0.1.201907311258/tools/bin/../lib/gcc/arm-none-eabi/8.2.1/../../../../arm-none-eabi/lib/thumb/v6-m/nofp\libcr_nohost_nf.a(__sys_istty.o)
 .ARM.attributes
                0x00000868       0x2c c:/mcuxpressoide_11.0.1_2563/ide/plugins/com.nxp.mcuxpresso.tools.win32_11.0.1.201907311258/tools/bin/../lib/gcc/arm-none-eabi/8.2.1/../../../../arm-none-eabi/lib/thumb/v6-m/nofp\libcr_nohost_nf.a(__sys_remove.o)
 .ARM.attributes
                0x00000894       0x2c c:/mcuxpressoide_11.0.1_2563/ide/plugins/com.nxp.mcuxpresso.tools.win32_11.0.1.201907311258/tools/bin/../lib/gcc/arm-none-eabi/8.2.1/../../../../arm-none-eabi/lib/thumb/v6-m/nofp\libcr_nohost_nf.a(__sys_seek.o)
 .ARM.attributes
                0x000008c0       0x2c c:/mcuxpressoide_11.0.1_2563/ide/plugins/com.nxp.mcuxpresso.tools.win32_11.0.1.201907311258/tools/bin/../lib/gcc/arm-none-eabi/8.2.1/../../../../arm-none-eabi/lib/thumb/v6-m/nofp\libcr_nohost_nf.a(__sys_tmpnam.o)

.debug_frame    0x00000000     0x1c18
 .debug_frame   0x00000000      0x10c ./utilities/fsl_debug_console.o
 .debug_frame   0x0000010c      0x3b0 ./startup/startup_mkl25z4.o
 .debug_frame   0x000004bc       0x2c ./source/Project_5.o
 .debug_frame   0x000004e8      0x110 ./source/cir_buffer.o
 .debug_frame   0x000005f8      0x100 ./source/led.o
 .debug_frame   0x000006f8       0xe8 ./source/logger.o
 .debug_frame   0x000007e0       0x20 ./source/semihost_hardfault.o
 .debug_frame   0x00000800      0x128 ./source/uartinterrupt.o
 .debug_frame   0x00000928      0x140 ./source/uartpoll.o
 .debug_frame   0x00000a68      0x6e0 ./drivers/fsl_clock.o
 .debug_frame   0x00001148      0x418 ./drivers/fsl_lpsci.o
 .debug_frame   0x00001560      0x468 ./drivers/fsl_uart.o
 .debug_frame   0x000019c8       0x50 ./board/board.o
 .debug_frame   0x00001a18      0x100 ./board/clock_config.o
 .debug_frame   0x00001b18       0x2c ./board/peripherals.o
 .debug_frame   0x00001b44       0x88 ./board/pin_mux.o
 .debug_frame   0x00001bcc       0x4c ./CMSIS/system_MKL25Z4.o

Cross Reference Table

Symbol                                            File
ADC0_DriverIRQHandler                             ./startup/startup_mkl25z4.o
ADC0_IRQHandler                                   ./startup/startup_mkl25z4.o
BOARD_BootClockRUN                                ./board/clock_config.o
BOARD_BootClockVLPR                               ./board/clock_config.o
BOARD_InitBootClocks                              ./board/clock_config.o
                                                  ./source/Project_5.o
BOARD_InitBootPeripherals                         ./board/peripherals.o
                                                  ./source/Project_5.o
BOARD_InitBootPins                                ./board/pin_mux.o
                                                  ./source/Project_5.o
BOARD_InitDebugConsole                            ./board/board.o
                                                  ./source/Project_5.o
BOARD_InitPins                                    ./board/pin_mux.o
CLOCK_BootToBlpeMode                              ./drivers/fsl_clock.o
CLOCK_BootToBlpiMode                              ./drivers/fsl_clock.o
                                                  ./board/clock_config.o
CLOCK_BootToFeeMode                               ./drivers/fsl_clock.o
CLOCK_BootToFeiMode                               ./drivers/fsl_clock.o
CLOCK_BootToPeeMode                               ./drivers/fsl_clock.o
                                                  ./board/clock_config.o
CLOCK_CalcPllDiv                                  ./drivers/fsl_clock.o
CLOCK_ClearStatusFlags                            ./drivers/fsl_clock.o
CLOCK_DeinitOsc0                                  ./drivers/fsl_clock.o
CLOCK_EnablePll0                                  ./drivers/fsl_clock.o
CLOCK_EnableUsbfs0Clock                           ./drivers/fsl_clock.o
CLOCK_ExternalModeToFbeModeQuick                  ./drivers/fsl_clock.o
CLOCK_FllStableDelay                              ./drivers/fsl_clock.o
CLOCK_GetBusClkFreq                               ./drivers/fsl_clock.o
CLOCK_GetCoreSysClkFreq                           ./drivers/fsl_clock.o
CLOCK_GetEr32kClkFreq                             ./drivers/fsl_clock.o
CLOCK_GetFixedFreqClkFreq                         ./drivers/fsl_clock.o
CLOCK_GetFlashClkFreq                             ./drivers/fsl_clock.o
CLOCK_GetFllFreq                                  ./drivers/fsl_clock.o
CLOCK_GetFreq                                     ./drivers/fsl_clock.o
CLOCK_GetInternalRefClkFreq                       ./drivers/fsl_clock.o
CLOCK_GetMode                                     ./drivers/fsl_clock.o
CLOCK_GetOsc0ErClkFreq                            ./drivers/fsl_clock.o
CLOCK_GetOutClkFreq                               ./drivers/fsl_clock.o
CLOCK_GetPlatClkFreq                              ./drivers/fsl_clock.o
CLOCK_GetPll0Freq                                 ./drivers/fsl_clock.o
CLOCK_GetPllFllSelClkFreq                         ./drivers/fsl_clock.o
                                                  ./board/board.o
CLOCK_GetStatusFlags                              ./drivers/fsl_clock.o
CLOCK_InitOsc0                                    ./drivers/fsl_clock.o
                                                  ./board/clock_config.o
CLOCK_InternalModeToFbiModeQuick                  ./drivers/fsl_clock.o
CLOCK_SetBlpeMode                                 ./drivers/fsl_clock.o
CLOCK_SetBlpiMode                                 ./drivers/fsl_clock.o
CLOCK_SetExternalRefClkConfig                     ./drivers/fsl_clock.o
CLOCK_SetFbeMode                                  ./drivers/fsl_clock.o
CLOCK_SetFbiMode                                  ./drivers/fsl_clock.o
CLOCK_SetFeeMode                                  ./drivers/fsl_clock.o
CLOCK_SetFeiMode                                  ./drivers/fsl_clock.o
CLOCK_SetInternalRefClkConfig                     ./drivers/fsl_clock.o
                                                  ./board/clock_config.o
CLOCK_SetMcgConfig                                ./drivers/fsl_clock.o
CLOCK_SetOsc0MonitorMode                          ./drivers/fsl_clock.o
CLOCK_SetPbeMode                                  ./drivers/fsl_clock.o
CLOCK_SetPeeMode                                  ./drivers/fsl_clock.o
CLOCK_SetPll0MonitorMode                          ./drivers/fsl_clock.o
CLOCK_SetSimConfig                                ./drivers/fsl_clock.o
                                                  ./board/clock_config.o
CLOCK_TrimInternalRefClk                          ./drivers/fsl_clock.o
CMP0_DriverIRQHandler                             ./startup/startup_mkl25z4.o
CMP0_IRQHandler                                   ./startup/startup_mkl25z4.o
DAC0_DriverIRQHandler                             ./startup/startup_mkl25z4.o
DAC0_IRQHandler                                   ./startup/startup_mkl25z4.o
DMA0_DriverIRQHandler                             ./startup/startup_mkl25z4.o
DMA0_IRQHandler                                   ./startup/startup_mkl25z4.o
DMA1_DriverIRQHandler                             ./startup/startup_mkl25z4.o
DMA1_IRQHandler                                   ./startup/startup_mkl25z4.o
DMA2_DriverIRQHandler                             ./startup/startup_mkl25z4.o
DMA2_IRQHandler                                   ./startup/startup_mkl25z4.o
DMA3_DriverIRQHandler                             ./startup/startup_mkl25z4.o
DMA3_IRQHandler                                   ./startup/startup_mkl25z4.o
DbgConsole_Deinit                                 ./utilities/fsl_debug_console.o
DbgConsole_Init                                   ./utilities/fsl_debug_console.o
                                                  ./board/board.o
FLASH_Erase                                       ./drivers/fsl_flash.o
FLASH_EraseAll                                    ./drivers/fsl_flash.o
FLASH_EraseAllExecuteOnlySegments                 ./drivers/fsl_flash.o
FLASH_GetProperty                                 ./drivers/fsl_flash.o
FLASH_GetSecurityState                            ./drivers/fsl_flash.o
FLASH_Init                                        ./drivers/fsl_flash.o
FLASH_IsExecuteOnly                               ./drivers/fsl_flash.o
FLASH_IsProtected                                 ./drivers/fsl_flash.o
FLASH_PflashGetPrefetchSpeculation                ./drivers/fsl_flash.o
FLASH_PflashGetProtection                         ./drivers/fsl_flash.o
FLASH_PflashSetPrefetchSpeculation                ./drivers/fsl_flash.o
                                                  ./drivers/fsl_smc.o
FLASH_PflashSetProtection                         ./drivers/fsl_flash.o
FLASH_PrepareExecuteInRamFunctions                ./drivers/fsl_flash.o
FLASH_Program                                     ./drivers/fsl_flash.o
FLASH_ProgramOnce                                 ./drivers/fsl_flash.o
FLASH_ReadOnce                                    ./drivers/fsl_flash.o
FLASH_ReadResource                                ./drivers/fsl_flash.o
FLASH_SecurityBypass                              ./drivers/fsl_flash.o
FLASH_SetCallback                                 ./drivers/fsl_flash.o
FLASH_SetProperty                                 ./drivers/fsl_flash.o
FLASH_VerifyErase                                 ./drivers/fsl_flash.o
FLASH_VerifyEraseAll                              ./drivers/fsl_flash.o
FLASH_VerifyEraseAllExecuteOnlySegments           ./drivers/fsl_flash.o
FLASH_VerifyProgram                               ./drivers/fsl_flash.o
FTFA_DriverIRQHandler                             ./startup/startup_mkl25z4.o
FTFA_IRQHandler                                   ./startup/startup_mkl25z4.o
Flash_Config                                      ./startup/startup_mkl25z4.o
GPIO_ClearPinsInterruptFlags                      ./drivers/fsl_gpio.o
GPIO_GetPinsInterruptFlags                        ./drivers/fsl_gpio.o
GPIO_PinInit                                      ./drivers/fsl_gpio.o
HardFault_Handler                                 ./source/semihost_hardfault.o
                                                  ./startup/startup_mkl25z4.o
I2C0_DriverIRQHandler                             ./startup/startup_mkl25z4.o
I2C0_IRQHandler                                   ./startup/startup_mkl25z4.o
I2C1_DriverIRQHandler                             ./startup/startup_mkl25z4.o
I2C1_IRQHandler                                   ./startup/startup_mkl25z4.o
Init_Systick                                      ./source/logger.o
                                                  ./source/Project_5.o
Init_UART0                                        ./source/uartpoll.o
                                                  ./source/Project_5.o
InstallIRQHandler                                 ./drivers/fsl_common.o
IntDefaultHandler                                 ./startup/startup_mkl25z4.o
LLWU_DriverIRQHandler                             ./startup/startup_mkl25z4.o
LLWU_IRQHandler                                   ./startup/startup_mkl25z4.o
LPSCI_ClearStatusFlags                            ./drivers/fsl_lpsci.o
LPSCI_Deinit                                      ./drivers/fsl_lpsci.o
                                                  ./utilities/fsl_debug_console.o
LPSCI_DisableInterrupts                           ./drivers/fsl_lpsci.o
LPSCI_EnableInterrupts                            ./drivers/fsl_lpsci.o
LPSCI_GetDefaultConfig                            ./drivers/fsl_lpsci.o
                                                  ./utilities/fsl_debug_console.o
LPSCI_GetEnabledInterrupts                        ./drivers/fsl_lpsci.o
LPSCI_GetInstance                                 ./drivers/fsl_lpsci.o
LPSCI_GetStatusFlags                              ./drivers/fsl_lpsci.o
LPSCI_Init                                        ./drivers/fsl_lpsci.o
                                                  ./utilities/fsl_debug_console.o
LPSCI_ReadBlocking                                ./drivers/fsl_lpsci.o
                                                  ./utilities/fsl_debug_console.o
LPSCI_SetBaudRate                                 ./drivers/fsl_lpsci.o
LPSCI_TransferAbortReceive                        ./drivers/fsl_lpsci.o
LPSCI_TransferAbortSend                           ./drivers/fsl_lpsci.o
LPSCI_TransferCreateHandle                        ./drivers/fsl_lpsci.o
LPSCI_TransferGetReceiveCount                     ./drivers/fsl_lpsci.o
LPSCI_TransferGetSendCount                        ./drivers/fsl_lpsci.o
LPSCI_TransferHandleErrorIRQ                      ./drivers/fsl_lpsci.o
LPSCI_TransferHandleIRQ                           ./drivers/fsl_lpsci.o
LPSCI_TransferReceiveNonBlocking                  ./drivers/fsl_lpsci.o
LPSCI_TransferSendNonBlocking                     ./drivers/fsl_lpsci.o
LPSCI_TransferStartRingBuffer                     ./drivers/fsl_lpsci.o
LPSCI_TransferStopRingBuffer                      ./drivers/fsl_lpsci.o
LPSCI_WriteBlocking                               ./drivers/fsl_lpsci.o
                                                  ./utilities/fsl_debug_console.o
LPTMR0_DriverIRQHandler                           ./startup/startup_mkl25z4.o
LPTMR0_IRQHandler                                 ./startup/startup_mkl25z4.o
LVD_LVW_DriverIRQHandler                          ./startup/startup_mkl25z4.o
LVD_LVW_IRQHandler                                ./startup/startup_mkl25z4.o
MCG_DriverIRQHandler                              ./startup/startup_mkl25z4.o
MCG_IRQHandler                                    ./startup/startup_mkl25z4.o
NMI_Handler                                       ./startup/startup_mkl25z4.o
PIT_DriverIRQHandler                              ./startup/startup_mkl25z4.o
PIT_IRQHandler                                    ./startup/startup_mkl25z4.o
PORTA_DriverIRQHandler                            ./startup/startup_mkl25z4.o
PORTA_IRQHandler                                  ./startup/startup_mkl25z4.o
PORTD_DriverIRQHandler                            ./startup/startup_mkl25z4.o
PORTD_IRQHandler                                  ./startup/startup_mkl25z4.o
PendSV_Handler                                    ./startup/startup_mkl25z4.o
RTC_DriverIRQHandler                              ./startup/startup_mkl25z4.o
RTC_IRQHandler                                    ./startup/startup_mkl25z4.o
RTC_Seconds_DriverIRQHandler                      ./startup/startup_mkl25z4.o
RTC_Seconds_IRQHandler                            ./startup/startup_mkl25z4.o
Reserved20_DriverIRQHandler                       ./startup/startup_mkl25z4.o
Reserved20_IRQHandler                             ./startup/startup_mkl25z4.o
Reserved39_DriverIRQHandler                       ./startup/startup_mkl25z4.o
Reserved39_IRQHandler                             ./startup/startup_mkl25z4.o
Reserved45_DriverIRQHandler                       ./startup/startup_mkl25z4.o
Reserved45_IRQHandler                             ./startup/startup_mkl25z4.o
ResetISR                                          ./startup/startup_mkl25z4.o
SMC_PostExitStopModes                             ./drivers/fsl_smc.o
SMC_PreEnterStopModes                             ./drivers/fsl_smc.o
SMC_SetPowerModeLls                               ./drivers/fsl_smc.o
SMC_SetPowerModeRun                               ./drivers/fsl_smc.o
SMC_SetPowerModeStop                              ./drivers/fsl_smc.o
SMC_SetPowerModeVlls                              ./drivers/fsl_smc.o
SMC_SetPowerModeVlpr                              ./drivers/fsl_smc.o
                                                  ./board/clock_config.o
SMC_SetPowerModeVlps                              ./drivers/fsl_smc.o
SMC_SetPowerModeVlpw                              ./drivers/fsl_smc.o
SMC_SetPowerModeWait                              ./drivers/fsl_smc.o
SPI0_DriverIRQHandler                             ./startup/startup_mkl25z4.o
SPI0_IRQHandler                                   ./startup/startup_mkl25z4.o
SPI1_DriverIRQHandler                             ./startup/startup_mkl25z4.o
SPI1_IRQHandler                                   ./startup/startup_mkl25z4.o
SVC_Handler                                       ./startup/startup_mkl25z4.o
SysTick_Handler                                   ./source/logger.o
                                                  ./startup/startup_mkl25z4.o
SystemCoreClock                                   ./CMSIS/system_MKL25Z4.o
                                                  ./board/clock_config.o
SystemCoreClockUpdate                             ./CMSIS/system_MKL25Z4.o
SystemInit                                        ./CMSIS/system_MKL25Z4.o
                                                  ./startup/startup_mkl25z4.o
System_Init                                       ./source/system.o
                                                  ./source/unittest.o
System_Recover                                    ./source/system.o
System_Safestate                                  ./source/system.o
                                                  ./source/unittest.o
System_Shutdown                                   ./source/system.o
System_WriteInt                                   ./source/system.o
                                                  ./source/unittest.o
System_WriteString                                ./source/system.o
                                                  ./source/unittest.o
TPM0_DriverIRQHandler                             ./startup/startup_mkl25z4.o
TPM0_IRQHandler                                   ./startup/startup_mkl25z4.o
TPM1_DriverIRQHandler                             ./startup/startup_mkl25z4.o
TPM1_IRQHandler                                   ./startup/startup_mkl25z4.o
TPM2_DriverIRQHandler                             ./startup/startup_mkl25z4.o
TPM2_IRQHandler                                   ./startup/startup_mkl25z4.o
TSI0_DriverIRQHandler                             ./startup/startup_mkl25z4.o
TSI0_IRQHandler                                   ./startup/startup_mkl25z4.o
UART0_DriverIRQHandler                            ./drivers/fsl_lpsci.o
                                                  ./startup/startup_mkl25z4.o
UART0_IRQHandler                                  ./source/uartinterrupt.o
                                                  ./startup/startup_mkl25z4.o
UART0_check                                       ./source/uartpoll.o
UART0_int_check                                   ./source/uartinterrupt.o
UART0_int_getchar                                 ./source/uartinterrupt.o
UART0_int_putchar                                 ./source/uartinterrupt.o
UART0_int_rec_check                               ./source/uartinterrupt.o
UART0_int_rx                                      ./source/uartinterrupt.o
UART0_int_tx                                      ./source/uartinterrupt.o
UART0_poll_getchar                                ./source/uartpoll.o
UART0_poll_putchar                                ./source/uartpoll.o
                                                  ./source/uartinterrupt.o
UART0_poll_rx                                     ./source/uartpoll.o
UART0_poll_tx                                     ./source/uartpoll.o
UART0_rec_check                                   ./source/uartpoll.o
UART1_DriverIRQHandler                            ./drivers/fsl_uart.o
                                                  ./startup/startup_mkl25z4.o
UART1_IRQHandler                                  ./startup/startup_mkl25z4.o
UART1_RX_TX_DriverIRQHandler                      ./drivers/fsl_uart.o
UART2_DriverIRQHandler                            ./drivers/fsl_uart.o
                                                  ./startup/startup_mkl25z4.o
UART2_IRQHandler                                  ./startup/startup_mkl25z4.o
UART2_RX_TX_DriverIRQHandler                      ./drivers/fsl_uart.o
UART_ClearStatusFlags                             ./drivers/fsl_uart.o
UART_Deinit                                       ./drivers/fsl_uart.o
                                                  ./utilities/fsl_debug_console.o
UART_DisableInterrupts                            ./drivers/fsl_uart.o
UART_EnableInterrupts                             ./drivers/fsl_uart.o
UART_GetDefaultConfig                             ./drivers/fsl_uart.o
                                                  ./utilities/fsl_debug_console.o
UART_GetEnabledInterrupts                         ./drivers/fsl_uart.o
UART_GetInstance                                  ./drivers/fsl_uart.o
UART_GetStatusFlags                               ./drivers/fsl_uart.o
UART_Init                                         ./drivers/fsl_uart.o
                                                  ./utilities/fsl_debug_console.o
UART_ReadBlocking                                 ./drivers/fsl_uart.o
                                                  ./utilities/fsl_debug_console.o
UART_SetBaudRate                                  ./drivers/fsl_uart.o
UART_TransferAbortReceive                         ./drivers/fsl_uart.o
UART_TransferAbortSend                            ./drivers/fsl_uart.o
UART_TransferCreateHandle                         ./drivers/fsl_uart.o
UART_TransferGetReceiveCount                      ./drivers/fsl_uart.o
UART_TransferGetSendCount                         ./drivers/fsl_uart.o
UART_TransferHandleErrorIRQ                       ./drivers/fsl_uart.o
UART_TransferHandleIRQ                            ./drivers/fsl_uart.o
UART_TransferReceiveNonBlocking                   ./drivers/fsl_uart.o
UART_TransferSendNonBlocking                      ./drivers/fsl_uart.o
UART_TransferStartRingBuffer                      ./drivers/fsl_uart.o
UART_TransferStopRingBuffer                       ./drivers/fsl_uart.o
UART_WriteBlocking                                ./drivers/fsl_uart.o
                                                  ./utilities/fsl_debug_console.o
USB0_DriverIRQHandler                             ./startup/startup_mkl25z4.o
USB0_IRQHandler                                   ./startup/startup_mkl25z4.o
_Csys_alloc                                       c:/mcuxpressoide_11.0.1_2563/ide/plugins/com.nxp.mcuxpresso.tools.win32_11.0.1.201907311258/tools/bin/../lib/gcc/arm-none-eabi/8.2.1/../../../../arm-none-eabi/lib/thumb/v6-m/nofp\libcr_c.a(alloc.o)
                                                  c:/mcuxpressoide_11.0.1_2563/ide/plugins/com.nxp.mcuxpresso.tools.win32_11.0.1.201907311258/tools/bin/../lib/gcc/arm-none-eabi/8.2.1/../../../../arm-none-eabi/lib/thumb/v6-m/nofp\libcr_c.a(_deferredlazyseek.o)
_Cwritebuf                                        c:/mcuxpressoide_11.0.1_2563/ide/plugins/com.nxp.mcuxpresso.tools.win32_11.0.1.201907311258/tools/bin/../lib/gcc/arm-none-eabi/8.2.1/../../../../arm-none-eabi/lib/thumb/v6-m/nofp\libcr_c.a(_writebuf.o)
                                                  c:/mcuxpressoide_11.0.1_2563/ide/plugins/com.nxp.mcuxpresso.tools.win32_11.0.1.201907311258/tools/bin/../lib/gcc/arm-none-eabi/8.2.1/../../../../arm-none-eabi/lib/thumb/v6-m/nofp\libcr_c.a(_fflush.o)
                                                  c:/mcuxpressoide_11.0.1_2563/ide/plugins/com.nxp.mcuxpresso.tools.win32_11.0.1.201907311258/tools/bin/../lib/gcc/arm-none-eabi/8.2.1/../../../../arm-none-eabi/lib/thumb/v6-m/nofp\libcr_c.a(_deferredlazyseek.o)